Archive member included to satisfy reference by file (symbol)

D:/ST/STM32CubeIDE_1.18.1/STM32CubeIDE/plugins/com.st.stm32cube.ide.mcu.externaltools.gnu-tools-for-stm32.13.3.rel1.win32_1.0.0.202411081344/tools/bin/../lib/gcc/arm-none-eabi/13.3.1/../../../../arm-none-eabi/lib/thumb/v7e-m+fp/hard\libc_nano.a(libc_a-exit.o)
                              D:/ST/STM32CubeIDE_1.18.1/STM32CubeIDE/plugins/com.st.stm32cube.ide.mcu.externaltools.gnu-tools-for-stm32.13.3.rel1.win32_1.0.0.202411081344/tools/bin/../lib/gcc/arm-none-eabi/13.3.1/../../../../arm-none-eabi/lib/thumb/v7e-m+fp/hard/crt0.o (exit)
D:/ST/STM32CubeIDE_1.18.1/STM32CubeIDE/plugins/com.st.stm32cube.ide.mcu.externaltools.gnu-tools-for-stm32.13.3.rel1.win32_1.0.0.202411081344/tools/bin/../lib/gcc/arm-none-eabi/13.3.1/../../../../arm-none-eabi/lib/thumb/v7e-m+fp/hard\libc_nano.a(libc_a-findfp.o)
                              D:/ST/STM32CubeIDE_1.18.1/STM32CubeIDE/plugins/com.st.stm32cube.ide.mcu.externaltools.gnu-tools-for-stm32.13.3.rel1.win32_1.0.0.202411081344/tools/bin/../lib/gcc/arm-none-eabi/13.3.1/../../../../arm-none-eabi/lib/thumb/v7e-m+fp/hard\libc_nano.a(libc_a-exit.o) (__stdio_exit_handler)
D:/ST/STM32CubeIDE_1.18.1/STM32CubeIDE/plugins/com.st.stm32cube.ide.mcu.externaltools.gnu-tools-for-stm32.13.3.rel1.win32_1.0.0.202411081344/tools/bin/../lib/gcc/arm-none-eabi/13.3.1/../../../../arm-none-eabi/lib/thumb/v7e-m+fp/hard\libc_nano.a(libc_a-fwalk.o)
                              D:/ST/STM32CubeIDE_1.18.1/STM32CubeIDE/plugins/com.st.stm32cube.ide.mcu.externaltools.gnu-tools-for-stm32.13.3.rel1.win32_1.0.0.202411081344/tools/bin/../lib/gcc/arm-none-eabi/13.3.1/../../../../arm-none-eabi/lib/thumb/v7e-m+fp/hard\libc_nano.a(libc_a-findfp.o) (_fwalk_sglue)
D:/ST/STM32CubeIDE_1.18.1/STM32CubeIDE/plugins/com.st.stm32cube.ide.mcu.externaltools.gnu-tools-for-stm32.13.3.rel1.win32_1.0.0.202411081344/tools/bin/../lib/gcc/arm-none-eabi/13.3.1/../../../../arm-none-eabi/lib/thumb/v7e-m+fp/hard\libc_nano.a(libc_a-stdio.o)
                              D:/ST/STM32CubeIDE_1.18.1/STM32CubeIDE/plugins/com.st.stm32cube.ide.mcu.externaltools.gnu-tools-for-stm32.13.3.rel1.win32_1.0.0.202411081344/tools/bin/../lib/gcc/arm-none-eabi/13.3.1/../../../../arm-none-eabi/lib/thumb/v7e-m+fp/hard\libc_nano.a(libc_a-findfp.o) (__sread)
D:/ST/STM32CubeIDE_1.18.1/STM32CubeIDE/plugins/com.st.stm32cube.ide.mcu.externaltools.gnu-tools-for-stm32.13.3.rel1.win32_1.0.0.202411081344/tools/bin/../lib/gcc/arm-none-eabi/13.3.1/../../../../arm-none-eabi/lib/thumb/v7e-m+fp/hard\libc_nano.a(libc_a-memset.o)
                              D:/ST/STM32CubeIDE_1.18.1/STM32CubeIDE/plugins/com.st.stm32cube.ide.mcu.externaltools.gnu-tools-for-stm32.13.3.rel1.win32_1.0.0.202411081344/tools/bin/../lib/gcc/arm-none-eabi/13.3.1/../../../../arm-none-eabi/lib/thumb/v7e-m+fp/hard/crt0.o (memset)
D:/ST/STM32CubeIDE_1.18.1/STM32CubeIDE/plugins/com.st.stm32cube.ide.mcu.externaltools.gnu-tools-for-stm32.13.3.rel1.win32_1.0.0.202411081344/tools/bin/../lib/gcc/arm-none-eabi/13.3.1/../../../../arm-none-eabi/lib/thumb/v7e-m+fp/hard\libc_nano.a(libc_a-closer.o)
                              D:/ST/STM32CubeIDE_1.18.1/STM32CubeIDE/plugins/com.st.stm32cube.ide.mcu.externaltools.gnu-tools-for-stm32.13.3.rel1.win32_1.0.0.202411081344/tools/bin/../lib/gcc/arm-none-eabi/13.3.1/../../../../arm-none-eabi/lib/thumb/v7e-m+fp/hard\libc_nano.a(libc_a-stdio.o) (_close_r)
D:/ST/STM32CubeIDE_1.18.1/STM32CubeIDE/plugins/com.st.stm32cube.ide.mcu.externaltools.gnu-tools-for-stm32.13.3.rel1.win32_1.0.0.202411081344/tools/bin/../lib/gcc/arm-none-eabi/13.3.1/../../../../arm-none-eabi/lib/thumb/v7e-m+fp/hard\libc_nano.a(libc_a-reent.o)
                              D:/ST/STM32CubeIDE_1.18.1/STM32CubeIDE/plugins/com.st.stm32cube.ide.mcu.externaltools.gnu-tools-for-stm32.13.3.rel1.win32_1.0.0.202411081344/tools/bin/../lib/gcc/arm-none-eabi/13.3.1/../../../../arm-none-eabi/lib/thumb/v7e-m+fp/hard\libc_nano.a(libc_a-closer.o) (errno)
D:/ST/STM32CubeIDE_1.18.1/STM32CubeIDE/plugins/com.st.stm32cube.ide.mcu.externaltools.gnu-tools-for-stm32.13.3.rel1.win32_1.0.0.202411081344/tools/bin/../lib/gcc/arm-none-eabi/13.3.1/../../../../arm-none-eabi/lib/thumb/v7e-m+fp/hard\libc_nano.a(libc_a-impure.o)
                              D:/ST/STM32CubeIDE_1.18.1/STM32CubeIDE/plugins/com.st.stm32cube.ide.mcu.externaltools.gnu-tools-for-stm32.13.3.rel1.win32_1.0.0.202411081344/tools/bin/../lib/gcc/arm-none-eabi/13.3.1/../../../../arm-none-eabi/lib/thumb/v7e-m+fp/hard\libc_nano.a(libc_a-reent.o) (_impure_ptr)
D:/ST/STM32CubeIDE_1.18.1/STM32CubeIDE/plugins/com.st.stm32cube.ide.mcu.externaltools.gnu-tools-for-stm32.13.3.rel1.win32_1.0.0.202411081344/tools/bin/../lib/gcc/arm-none-eabi/13.3.1/../../../../arm-none-eabi/lib/thumb/v7e-m+fp/hard\libc_nano.a(libc_a-lseekr.o)
[...]
Memory Configuration

Name             Origin             Length             Attributes
RAM              0x20000000         0x00020000         xrw
FLASH            0x08000000         0x00080000         xr
*default*        0x00000000         0xffffffff

Linker script and memory map

LOAD D:/ST/STM32CubeIDE_1.18.1/STM32CubeIDE/plugins/com.st.stm32cube.ide.mcu.externaltools.gnu-tools-for-stm32.13.3.rel1.win32_1.0.0.202411081344/tools/bin/../lib/gcc/arm-none-eabi/13.3.1/thumb/v7e-m+fp/hard/crti.o
LOAD D:/ST/STM32CubeIDE_1.18.1/STM32CubeIDE/plugins/com.st.stm32cube.ide.mcu.externaltools.gnu-tools-for-stm32.13.3.rel1.win32_1.0.0.202411081344/tools/bin/../lib/gcc/arm-none-eabi/13.3.1/thumb/v7e-m+fp/hard/crtbegin.o
LOAD D:/ST/STM32CubeIDE_1.18.1/STM32CubeIDE/plugins/com.st.stm32cube.ide.mcu.externaltools.gnu-tools-for-stm32.13.3.rel1.win32_1.0.0.202411081344/tools/bin/../lib/gcc/arm-none-eabi/13.3.1/../../../../arm-none-eabi/lib/thumb/v7e-m+fp/hard/crt0.o
LOAD ./Core/Src/main.o
LOAD ./Core/Src/stm32g4xx_hal_msp.o
LOAD ./Core/Src/stm32g4xx_it.o
LOAD ./Core/Src/syscalls.o
LOAD ./Core/Src/sysmem.o
LOAD ./Core/Src/system_stm32g4xx.o
LOAD ./Core/Startup/startup_stm32g474retx.o
LOAD ./Drivers/STM32G4xx_HAL_Driver/Src/stm32g4xx_hal.o
LOAD ./Drivers/STM32G4xx_HAL_Driver/Src/stm32g4xx_hal_adc.o
LOAD ./Drivers/STM32G4xx_HAL_Driver/Src/stm32g4xx_hal_adc_ex.o
LOAD ./Drivers/STM32G4xx_HAL_Driver/Src/stm32g4xx_hal_comp.o
LOAD ./Drivers/STM32G4xx_HAL_Driver/Src/stm32g4xx_hal_cortex.o
LOAD ./Drivers/STM32G4xx_HAL_Driver/Src/stm32g4xx_hal_dac.o
LOAD ./Drivers/STM32G4xx_HAL_Driver/Src/stm32g4xx_hal_dac_ex.o
LOAD ./Drivers/STM32G4xx_HAL_Driver/Src/stm32g4xx_hal_dma.o
LOAD ./Drivers/STM32G4xx_HAL_Driver/Src/stm32g4xx_hal_dma_ex.o
LOAD ./Drivers/STM32G4xx_HAL_Driver/Src/stm32g4xx_hal_exti.o
LOAD ./Drivers/STM32G4xx_HAL_Driver/Src/stm32g4xx_hal_flash.o
LOAD ./Drivers/STM32G4xx_HAL_Driver/Src/stm32g4xx_hal_flash_ex.o
LOAD ./Drivers/STM32G4xx_HAL_Driver/Src/stm32g4xx_hal_flash_ramfunc.o
LOAD ./Drivers/STM32G4xx_HAL_Driver/Src/stm32g4xx_hal_gpio.o
LOAD ./Drivers/STM32G4xx_HAL_Driver/Src/stm32g4xx_hal_hrtim.o
LOAD ./Drivers/STM32G4xx_HAL_Driver/Src/stm32g4xx_hal_pcd.o
LOAD ./Drivers/STM32G4xx_HAL_Driver/Src/stm32g4xx_hal_pcd_ex.o
LOAD ./Drivers/STM32G4xx_HAL_Driver/Src/stm32g4xx_hal_pwr.o
LOAD ./Drivers/STM32G4xx_HAL_Driver/Src/stm32g4xx_hal_pwr_ex.o
LOAD ./Drivers/STM32G4xx_HAL_Driver/Src/stm32g4xx_hal_rcc.o
LOAD ./Drivers/STM32G4xx_HAL_Driver/Src/stm32g4xx_hal_rcc_ex.o
LOAD ./Drivers/STM32G4xx_HAL_Driver/Src/stm32g4xx_hal_tim.o
LOAD ./Drivers/STM32G4xx_HAL_Driver/Src/stm32g4xx_hal_tim_ex.o
LOAD ./Drivers/STM32G4xx_HAL_Driver/Src/stm32g4xx_hal_uart.o
LOAD ./Drivers/STM32G4xx_HAL_Driver/Src/stm32g4xx_hal_uart_ex.o
LOAD ./Drivers/STM32G4xx_HAL_Driver/Src/stm32g4xx_ll_adc.o
LOAD ./Drivers/STM32G4xx_HAL_Driver/Src/stm32g4xx_ll_dma.o
LOAD ./Drivers/STM32G4xx_HAL_Driver/Src/stm32g4xx_ll_exti.o
LOAD ./Drivers/STM32G4xx_HAL_Driver/Src/stm32g4xx_ll_gpio.o
LOAD ./Drivers/STM32G4xx_HAL_Driver/Src/stm32g4xx_ll_pwr.o
LOAD ./Drivers/STM32G4xx_HAL_Driver/Src/stm32g4xx_ll_ucpd.o
LOAD ./Drivers/STM32G4xx_HAL_Driver/Src/stm32g4xx_ll_usb.o
LOAD ./Drivers/STM32G4xx_HAL_Driver/Src/stm32g4xx_ll_utils.o
START GROUP
LOAD D:/ST/STM32CubeIDE_1.18.1/STM32CubeIDE/plugins/com.st.stm32cube.ide.mcu.externaltools.gnu-tools-for-stm32.13.3.rel1.win32_1.0.0.202411081344/tools/bin/../lib/gcc/arm-none-eabi/13.3.1/../../../../arm-none-eabi/lib/thumb/v7e-m+fp/hard\libc_nano.a
LOAD D:/ST/STM32CubeIDE_1.18.1/STM32CubeIDE/plugins/com.st.stm32cube.ide.mcu.externaltools.gnu-tools-for-stm32.13.3.rel1.win32_1.0.0.202411081344/tools/bin/../lib/gcc/arm-none-eabi/13.3.1/../../../../arm-none-eabi/lib/thumb/v7e-m+fp/hard\libm.a
END GROUP
START GROUP
LOAD D:/ST/STM32CubeIDE_1.18.1/STM32CubeIDE/plugins/com.st.stm32cube.ide.mcu.externaltools.gnu-tools-for-stm32.13.3.rel1.win32_1.0.0.202411081344/tools/bin/../lib/gcc/arm-none-eabi/13.3.1/thumb/v7e-m+fp/hard\libgcc.a
LOAD D:/ST/STM32CubeIDE_1.18.1/STM32CubeIDE/plugins/com.st.stm32cube.ide.mcu.externaltools.gnu-tools-for-stm32.13.3.rel1.win32_1.0.0.202411081344/tools/bin/../lib/gcc/arm-none-eabi/13.3.1/../../../../arm-none-eabi/lib/thumb/v7e-m+fp/hard\libc_nano.a
END GROUP
START GROUP
LOAD D:/ST/STM32CubeIDE_1.18.1/STM32CubeIDE/plugins/com.st.stm32cube.ide.mcu.externaltools.gnu-tools-for-stm32.13.3.rel1.win32_1.0.0.202411081344/tools/bin/../lib/gcc/arm-none-eabi/13.3.1/thumb/v7e-m+fp/hard\libgcc.a
LOAD D:/ST/STM32CubeIDE_1.18.1/STM32CubeIDE/plugins/com.st.stm32cube.ide.mcu.externaltools.gnu-tools-for-stm32.13.3.rel1.win32_1.0.0.202411081344/tools/bin/../lib/gcc/arm-none-eabi/13.3.1/../../../../arm-none-eabi/lib/thumb/v7e-m+fp/hard\libc_nano.a
LOAD D:/ST/STM32CubeIDE_1.18.1/STM32CubeIDE/plugins/com.st.stm32cube.ide.mcu.externaltools.gnu-tools-for-stm32.13.3.rel1.win32_1.0.0.202411081344/tools/bin/../lib/gcc/arm-none-eabi/13.3.1/../../../../arm-none-eabi/lib/thumb/v7e-m+fp/hard\libnosys.a
END GROUP
START GROUP
LOAD D:/ST/STM32CubeIDE_1.18.1/STM32CubeIDE/plugins/com.st.stm32cube.ide.mcu.externaltools.gnu-tools-for-stm32.13.3.rel1.win32_1.0.0.202411081344/tools/bin/../lib/gcc/arm-none-eabi/13.3.1/thumb/v7e-m+fp/hard\libgcc.a
LOAD D:/ST/STM32CubeIDE_1.18.1/STM32CubeIDE/plugins/com.st.stm32cube.ide.mcu.externaltools.gnu-tools-for-stm32.13.3.rel1.win32_1.0.0.202411081344/tools/bin/../lib/gcc/arm-none-eabi/13.3.1/../../../../arm-none-eabi/lib/thumb/v7e-m+fp/hard\libc_nano.a
LOAD D:/ST/STM32CubeIDE_1.18.1/STM32CubeIDE/plugins/com.st.stm32cube.ide.mcu.externaltools.gnu-tools-for-stm32.13.3.rel1.win32_1.0.0.202411081344/tools/bin/../lib/gcc/arm-none-eabi/13.3.1/../../../../arm-none-eabi/lib/thumb/v7e-m+fp/hard\libnosys.a
END GROUP
LOAD D:/ST/STM32CubeIDE_1.18.1/STM32CubeIDE/plugins/com.st.stm32cube.ide.mcu.externaltools.gnu-tools-for-stm32.13.3.rel1.win32_1.0.0.202411081344/tools/bin/../lib/gcc/arm-none-eabi/13.3.1/thumb/v7e-m+fp/hard/crtend.o
LOAD D:/ST/STM32CubeIDE_1.18.1/STM32CubeIDE/plugins/com.st.stm32cube.ide.mcu.externaltools.gnu-tools-for-stm32.13.3.rel1.win32_1.0.0.202411081344/tools/bin/../lib/gcc/arm-none-eabi/13.3.1/thumb/v7e-m+fp/hard/crtn.o
                0x20020000                        _estack = (ORIGIN (RAM) + LENGTH (RAM))
                0x00000200                        _Min_Heap_Size = 0x200
                0x00000400                        _Min_Stack_Size = 0x400

.isr_vector     0x08000000      0x1d8
                0x08000000                        . = ALIGN (0x4)
 *(.isr_vector)
 .isr_vector    0x08000000      0x1d8 ./Core/Startup/startup_stm32g474retx.o
                0x08000000                g_pfnVectors
                0x080001d8                        . = ALIGN (0x4)

.text           0x080001d8     0xe500
                0x080001d8                        . = ALIGN (0x4)
 *(.text)
 .text          0x080001d8       0x40 D:/ST/STM32CubeIDE_1.18.1/STM32CubeIDE/plugins/com.st.stm32cube.ide.mcu.externaltools.gnu-tools-for-stm32.13.3.rel1.win32_1.0.0.202411081344/tools/bin/../lib/gcc/arm-none-eabi/13.3.1/thumb/v7e-m+fp/hard/crtbegin.o
 .text          0x08000218       0x10 D:/ST/STM32CubeIDE_1.18.1/STM32CubeIDE/plugins/com.st.stm32cube.ide.mcu.externaltools.gnu-tools-for-stm32.13.3.rel1.win32_1.0.0.202411081344/tools/bin/../lib/gcc/arm-none-eabi/13.3.1/../../../../arm-none-eabi/lib/thumb/v7e-m+fp/hard\libc_nano.a(libc_a-strlen.o)
                0x08000218                strlen
 .text          0x08000228      0x378 D:/ST/STM32CubeIDE_1.18.1/STM32CubeIDE/plugins/com.st.stm32cube.ide.mcu.externaltools.gnu-tools-for-stm32.13.3.rel1.win32_1.0.0.202411081344/tools/bin/../lib/gcc/arm-none-eabi/13.3.1/thumb/v7e-m+fp/hard\libgcc.a(_arm_addsubdf3.o)
                0x08000228                __aeabi_drsub
                0x08000230                __aeabi_dsub
                0x08000230                __subdf3
                0x08000234                __aeabi_dadd
                0x08000234                __adddf3
                0x080004ac                __floatunsidf
                0x080004ac                __aeabi_ui2d
                0x080004cc                __floatsidf
                0x080004cc                __aeabi_i2d
                0x080004f0                __aeabi_f2d
                0x080004f0                __extendsfdf2
                0x08000534                __floatundidf
                0x08000534                __aeabi_ul2d
                0x08000544                __floatdidf
                0x08000544                __aeabi_l2d
 .text          0x080005a0      0x424 D:/ST/STM32CubeIDE_1.18.1/STM32CubeIDE/plugins/com.st.stm32cube.ide.mcu.externaltools.gnu-tools-for-stm32.13.3.rel1.win32_1.0.0.202411081344/tools/bin/../lib/gcc/arm-none-eabi/13.3.1/thumb/v7e-m+fp/hard\libgcc.a(_arm_muldivdf3.o)
                0x080005a0                __aeabi_dmul
                0x080005a0                __muldf3
                0x080007f4                __divdf3
                0x080007f4                __aeabi_ddiv
 .text          0x080009c4      0x110 D:/ST/STM32CubeIDE_1.18.1/STM32CubeIDE/plugins/com.st.stm32cube.ide.mcu.externaltools.gnu-tools-for-stm32.13.3.rel1.win32_1.0.0.202411081344/tools/bin/../lib/gcc/arm-none-eabi/13.3.1/thumb/v7e-m+fp/hard\libgcc.a(_arm_cmpdf2.o)
                0x080009c4                __gtdf2
                0x080009c4                __gedf2
                0x080009cc                __ltdf2
                0x080009cc                __ledf2
                0x080009d4                __nedf2
                0x080009d4                __eqdf2
                0x080009d4                __cmpdf2
                0x08000a50                __aeabi_cdrcmple
                0x08000a60                __aeabi_cdcmpeq
                0x08000a60                __aeabi_cdcmple
                0x08000a70                __aeabi_dcmpeq
                0x08000a84                __aeabi_dcmplt
                0x08000a98                __aeabi_dcmple
                0x08000aac                __aeabi_dcmpge
                0x08000ac0                __aeabi_dcmpgt
 .text          0x08000ad4       0x50 D:/ST/STM32CubeIDE_1.18.1/STM32CubeIDE/plugins/com.st.stm32cube.ide.mcu.externaltools.gnu-tools-for-stm32.13.3.rel1.win32_1.0.0.202411081344/tools/bin/../lib/gcc/arm-none-eabi/13.3.1/thumb/v7e-m+fp/hard\libgcc.a(_arm_fixdfsi.o)
                0x08000ad4                __aeabi_d2iz
                0x08000ad4                __fixdfsi
 .text          0x08000b24       0xa0 D:/ST/STM32CubeIDE_1.18.1/STM32CubeIDE/plugins/com.st.stm32cube.ide.mcu.externaltools.gnu-tools-for-stm32.13.3.rel1.win32_1.0.0.202411081344/tools/bin/../lib/gcc/arm-none-eabi/13.3.1/thumb/v7e-m+fp/hard\libgcc.a(_arm_truncdfsf2.o)
                0x08000b24                __truncdfsf2
                0x08000b24                __aeabi_d2f
 .text          0x08000bc4       0x30 D:/ST/STM32CubeIDE_1.18.1/STM32CubeIDE/plugins/com.st.stm32cube.ide.mcu.externaltools.gnu-tools-for-stm32.13.3.rel1.win32_1.0.0.202411081344/tools/bin/../lib/gcc/arm-none-eabi/13.3.1/thumb/v7e-m+fp/hard\libgcc.a(_aeabi_uldivmod.o)
                0x08000bc4                __aeabi_uldivmod
 .text          0x08000bf4      0x2f8 D:/ST/STM32CubeIDE_1.18.1/STM32CubeIDE/plugins/com.st.stm32cube.ide.mcu.externaltools.gnu-tools-for-stm32.13.3.rel1.win32_1.0.0.202411081344/tools/bin/../lib/gcc/arm-none-eabi/13.3.1/thumb/v7e-m+fp/hard\libgcc.a(_udivmoddi4.o)
                0x08000bf4                __udivmoddi4
 .text          0x08000eec        0x4 D:/ST/STM32CubeIDE_1.18.1/STM32CubeIDE/plugins/com.st.stm32cube.ide.mcu.externaltools.gnu-tools-for-stm32.13.3.rel1.win32_1.0.0.202411081344/tools/bin/../lib/gcc/arm-none-eabi/13.3.1/thumb/v7e-m+fp/hard\libgcc.a(_dvmd_tls.o)
                0x08000eec                __aeabi_idiv0
                0x08000eec                __aeabi_ldiv0
 *(.text*)
 .text.LL_AHB2_GRP1_EnableClock
                0x08000ef0       0x30 ./Core/Src/main.o
 .text.LL_APB1_GRP2_EnableClock
                0x08000f20       0x30 ./Core/Src/main.o
 .text.main     0x08000f50      0x2e4 ./Core/Src/main.o
                0x08000f50                main
 .text.SystemClock_Config
                0x08001234       0x9a ./Core/Src/main.o
                0x08001234                SystemClock_Config
 *fill*         0x080012ce        0x2 
 .text.MX_ADC1_Init
                0x080012d0       0xf0 ./Core/Src/main.o
 .text.MX_COMP2_Init
                0x080013c0       0x4c ./Core/Src/main.o
 .text.MX_COMP3_Init
                0x0800140c       0x4c ./Core/Src/main.o
 .text.MX_COMP4_Init
                0x08001458       0x4c ./Core/Src/main.o
 .text.MX_COMP6_Init
                0x080014a4       0x4c ./Core/Src/main.o
 .text.MX_DAC1_Init
                0x080014f0       0x94 ./Core/Src/main.o
 .text.MX_DAC2_Init
                0x08001584       0x74 ./Core/Src/main.o
 .text.MX_DAC3_Init
                0x080015f8       0x88 ./Core/Src/main.o
 .text.MX_HRTIM1_Init
                0x08001680      0x220 ./Core/Src/main.o
 .text.MX_TIM1_Init
                0x080018a0      0x128 ./Core/Src/main.o
 .text.MX_TIM6_Init
                0x080019c8       0x6c ./Core/Src/main.o
 .text.MX_UCPD1_Init
                0x08001a34       0x5c ./Core/Src/main.o
 .text.MX_USART3_UART_Init
                0x08001a90       0x98 ./Core/Src/main.o
 .text.MX_USB_PCD_Init
                0x08001b28       0x50 ./Core/Src/main.o
 .text.MX_DMA_Init
                0x08001b78       0x94 ./Core/Src/main.o
 .text.MX_GPIO_Init
                0x08001c0c      0x1a8 ./Core/Src/main.o
 .text.HAL_UART_TxCpltCallback
                0x08001db4       0x14 ./Core/Src/main.o
                0x08001db4                HAL_UART_TxCpltCallback
 .text.Error_Handler
                0x08001dc8        0xc ./Core/Src/main.o
                0x08001dc8                Error_Handler
 .text.HAL_MspInit
                0x08001dd4       0x48 ./Core/Src/stm32g4xx_hal_msp.o
                0x08001dd4                HAL_MspInit
 .text.HAL_ADC_MspInit
                0x08001e1c       0xec ./Core/Src/stm32g4xx_hal_msp.o
                0x08001e1c                HAL_ADC_MspInit
 .text.HAL_COMP_MspInit
                0x08001f08      0x12c ./Core/Src/stm32g4xx_hal_msp.o
                0x08001f08                HAL_COMP_MspInit
 .text.HAL_DAC_MspInit
                0x08002034      0x1b0 ./Core/Src/stm32g4xx_hal_msp.o
                0x08002034                HAL_DAC_MspInit
 .text.HAL_HRTIM_MspInit
                0x080021e4       0x5c ./Core/Src/stm32g4xx_hal_msp.o
                0x080021e4                HAL_HRTIM_MspInit
 .text.HAL_HRTIM_MspPostInit
                0x08002240      0x10c ./Core/Src/stm32g4xx_hal_msp.o
                0x08002240                HAL_HRTIM_MspPostInit
 .text.HAL_TIM_PWM_MspInit
                0x0800234c       0x40 ./Core/Src/stm32g4xx_hal_msp.o
                0x0800234c                HAL_TIM_PWM_MspInit
 .text.HAL_TIM_Base_MspInit
                0x0800238c       0xa8 ./Core/Src/stm32g4xx_hal_msp.o
                0x0800238c                HAL_TIM_Base_MspInit
 .text.HAL_TIM_MspPostInit
                0x08002434       0x70 ./Core/Src/stm32g4xx_hal_msp.o
                0x08002434                HAL_TIM_MspPostInit
 .text.HAL_UART_MspInit
                0x080024a4      0x17c ./Core/Src/stm32g4xx_hal_msp.o
                0x080024a4                HAL_UART_MspInit
 .text.HAL_PCD_MspInit
                0x08002620       0x78 ./Core/Src/stm32g4xx_hal_msp.o
                0x08002620                HAL_PCD_MspInit
 .text.NMI_Handler
                0x08002698        0x8 ./Core/Src/stm32g4xx_it.o
                0x08002698                NMI_Handler
 .text.HardFault_Handler
                0x080026a0        0x8 ./Core/Src/stm32g4xx_it.o
                0x080026a0                HardFault_Handler
 .text.MemManage_Handler
                0x080026a8        0x8 ./Core/Src/stm32g4xx_it.o
                0x080026a8                MemManage_Handler
 .text.BusFault_Handler
                0x080026b0        0x8 ./Core/Src/stm32g4xx_it.o
                0x080026b0                BusFault_Handler
 .text.UsageFault_Handler
                0x080026b8        0x8 ./Core/Src/stm32g4xx_it.o
                0x080026b8                UsageFault_Handler
 .text.SVC_Handler
                0x080026c0        0xe ./Core/Src/stm32g4xx_it.o
                0x080026c0                SVC_Handler
 .text.DebugMon_Handler
                0x080026ce        0xe ./Core/Src/stm32g4xx_it.o
                0x080026ce                DebugMon_Handler
 .text.PendSV_Handler
                0x080026dc        0xe ./Core/Src/stm32g4xx_it.o
                0x080026dc                PendSV_Handler
 .text.SysTick_Handler
                0x080026ea        0xc ./Core/Src/stm32g4xx_it.o
                0x080026ea                SysTick_Handler
 .text.EXTI2_IRQHandler
                0x080026f6        0xe ./Core/Src/stm32g4xx_it.o
                0x080026f6                EXTI2_IRQHandler
 .text.EXTI4_IRQHandler
                0x08002704        0xe ./Core/Src/stm32g4xx_it.o
                0x08002704                EXTI4_IRQHandler
 *fill*         0x08002712        0x2 
 .text.DMA1_Channel1_IRQHandler
                0x08002714       0x14 ./Core/Src/stm32g4xx_it.o
                0x08002714                DMA1_Channel1_IRQHandler
 .text.DMA1_Channel2_IRQHandler
                0x08002728       0x14 ./Core/Src/stm32g4xx_it.o
                0x08002728                DMA1_Channel2_IRQHandler
 .text.DMA1_Channel3_IRQHandler
                0x0800273c       0x14 ./Core/Src/stm32g4xx_it.o
                0x0800273c                DMA1_Channel3_IRQHandler
 .text.DMA1_Channel4_IRQHandler
                0x08002750       0x14 ./Core/Src/stm32g4xx_it.o
                0x08002750                DMA1_Channel4_IRQHandler
 .text.DMA1_Channel5_IRQHandler
                0x08002764       0x14 ./Core/Src/stm32g4xx_it.o
                0x08002764                DMA1_Channel5_IRQHandler
 .text.ADC1_2_IRQHandler
                0x08002778       0x14 ./Core/Src/stm32g4xx_it.o
                0x08002778                ADC1_2_IRQHandler
 .text.USB_HP_IRQHandler
                0x0800278c       0x14 ./Core/Src/stm32g4xx_it.o
                0x0800278c                USB_HP_IRQHandler
 .text.EXTI9_5_IRQHandler
                0x080027a0        0xe ./Core/Src/stm32g4xx_it.o
                0x080027a0                EXTI9_5_IRQHandler
 *fill*         0x080027ae        0x2 
 .text.USART3_IRQHandler
                0x080027b0       0x14 ./Core/Src/stm32g4xx_it.o
                0x080027b0                USART3_IRQHandler
 .text.EXTI15_10_IRQHandler
                0x080027c4       0x10 ./Core/Src/stm32g4xx_it.o
                0x080027c4                EXTI15_10_IRQHandler
 .text.TIM6_DAC_IRQHandler
                0x080027d4       0x28 ./Core/Src/stm32g4xx_it.o
                0x080027d4                TIM6_DAC_IRQHandler
 .text.HRTIM1_Master_IRQHandler
                0x080027fc       0x14 ./Core/Src/stm32g4xx_it.o
                0x080027fc                HRTIM1_Master_IRQHandler
 .text.HRTIM1_TIMF_IRQHandler
                0x08002810       0x14 ./Core/Src/stm32g4xx_it.o
                0x08002810                HRTIM1_TIMF_IRQHandler
 .text.SystemInit
                0x08002824       0x24 ./Core/Src/system_stm32g4xx.o
                0x08002824                SystemInit
 .text.Reset_Handler
                0x08002848       0x50 ./Core/Startup/startup_stm32g474retx.o
                0x08002848                Reset_Handler
 .text.Default_Handler
                0x08002898        0x2 ./Core/Startup/startup_stm32g474retx.o
                0x08002898                RTC_Alarm_IRQHandler
                0x08002898                TIM8_TRG_COM_IRQHandler
                0x08002898                TIM8_CC_IRQHandler
                0x08002898                SPI4_IRQHandler
                0x08002898                FDCAN3_IT0_IRQHandler
                0x08002898                TIM1_CC_IRQHandler
                0x08002898                HRTIM1_FLT_IRQHandler
                0x08002898                CORDIC_IRQHandler
                0x08002898                HRTIM1_TIMD_IRQHandler
                0x08002898                DMA2_Channel8_IRQHandler
                0x08002898                EXTI3_IRQHandler
                0x08002898                I2C3_ER_IRQHandler
                0x08002898                EXTI0_IRQHandler
                0x08002898                I2C2_EV_IRQHandler
                0x08002898                FPU_IRQHandler
                0x08002898                FDCAN1_IT1_IRQHandler
                0x08002898                TIM1_UP_TIM16_IRQHandler
                0x08002898                HRTIM1_TIME_IRQHandler
                0x08002898                SPI1_IRQHandler
                0x08002898                HRTIM1_TIMC_IRQHandler
                0x08002898                TIM8_UP_IRQHandler
                0x08002898                DMA2_Channel2_IRQHandler
                0x08002898                TIM20_TRG_COM_IRQHandler
                0x08002898                DMA1_Channel7_IRQHandler
                0x08002898                UART5_IRQHandler
                0x08002898                ADC3_IRQHandler
                0x08002898                TIM4_IRQHandler
                0x08002898                DMA2_Channel1_IRQHandler
                0x08002898                QUADSPI_IRQHandler
                0x08002898                I2C1_EV_IRQHandler
                0x08002898                DMA1_Channel6_IRQHandler
                0x08002898                UART4_IRQHandler
                0x08002898                DMA2_Channel4_IRQHandler
                0x08002898                TIM3_IRQHandler
                0x08002898                RCC_IRQHandler
                0x08002898                TIM20_UP_IRQHandler
                0x08002898                Default_Handler
                0x08002898                DMA2_Channel7_IRQHandler
                0x08002898                RTC_TAMP_LSECSS_IRQHandler
                0x08002898                FMAC_IRQHandler
                0x08002898                DMA1_Channel8_IRQHandler
                0x08002898                HRTIM1_TIMA_IRQHandler
                0x08002898                TIM7_DAC_IRQHandler
                0x08002898                FDCAN3_IT1_IRQHandler
                0x08002898                TIM5_IRQHandler
                0x08002898                UCPD1_IRQHandler
                0x08002898                I2C3_EV_IRQHandler
                0x08002898                RTC_WKUP_IRQHandler
                0x08002898                PVD_PVM_IRQHandler
                0x08002898                SPI2_IRQHandler
                0x08002898                ADC5_IRQHandler
                0x08002898                DMA2_Channel5_IRQHandler
                0x08002898                CRS_IRQHandler
                0x08002898                USB_LP_IRQHandler
                0x08002898                RNG_IRQHandler
                0x08002898                HRTIM1_TIMB_IRQHandler
                0x08002898                TIM1_TRG_COM_TIM17_IRQHandler
                0x08002898                FDCAN2_IT1_IRQHandler
                0x08002898                ADC4_IRQHandler
                0x08002898                WWDG_IRQHandler
                0x08002898                I2C4_EV_IRQHandler
                0x08002898                FDCAN2_IT0_IRQHandler
                0x08002898                LPUART1_IRQHandler
                0x08002898                DMA2_Channel6_IRQHandler
                0x08002898                FDCAN1_IT0_IRQHandler
                0x08002898                TIM2_IRQHandler
                0x08002898                COMP7_IRQHandler
                0x08002898                COMP1_2_3_IRQHandler
                0x08002898                EXTI1_IRQHandler
                0x08002898                USART2_IRQHandler
                0x08002898                COMP4_5_6_IRQHandler
                0x08002898                TIM20_BRK_IRQHandler
                0x08002898                I2C2_ER_IRQHandler
                0x08002898                TIM8_BRK_IRQHandler
                0x08002898                FLASH_IRQHandler
                0x08002898                TIM20_CC_IRQHandler
                0x08002898                USART1_IRQHandler
                0x08002898                SPI3_IRQHandler
                0x08002898                I2C1_ER_IRQHandler
                0x08002898                FMC_IRQHandler
                0x08002898                LPTIM1_IRQHandler
                0x08002898                DMAMUX_OVR_IRQHandler
                0x08002898                I2C4_ER_IRQHandler
                0x08002898                USBWakeUp_IRQHandler
                0x08002898                SAI1_IRQHandler
                0x08002898                DMA2_Channel3_IRQHandler
                0x08002898                TIM1_BRK_TIM15_IRQHandler
 .text.HAL_Init
                0x0800289a       0x30 ./Drivers/STM32G4xx_HAL_Driver/Src/stm32g4xx_hal.o
                0x0800289a                HAL_Init
 *fill*         0x080028ca        0x2 
 .text.HAL_InitTick
                0x080028cc       0x74 ./Drivers/STM32G4xx_HAL_Driver/Src/stm32g4xx_hal.o
                0x080028cc                HAL_InitTick
 .text.HAL_IncTick
                0x08002940       0x24 ./Drivers/STM32G4xx_HAL_Driver/Src/stm32g4xx_hal.o
                0x08002940                HAL_IncTick
 .text.HAL_GetTick
                0x08002964       0x18 ./Drivers/STM32G4xx_HAL_Driver/Src/stm32g4xx_hal.o
                0x08002964                HAL_GetTick
 .text.HAL_Delay
                0x0800297c       0x44 ./Drivers/STM32G4xx_HAL_Driver/Src/stm32g4xx_hal.o
                0x0800297c                HAL_Delay
 .text.LL_ADC_SetCommonClock
                0x080029c0       0x26 ./Drivers/STM32G4xx_HAL_Driver/Src/stm32g4xx_hal_adc.o
 .text.LL_ADC_SetCommonPathInternalCh
                0x080029e6       0x26 ./Drivers/STM32G4xx_HAL_Driver/Src/stm32g4xx_hal_adc.o
 .text.LL_ADC_GetCommonPathInternalCh
                0x08002a0c       0x1c ./Drivers/STM32G4xx_HAL_Driver/Src/stm32g4xx_hal_adc.o
 .text.LL_ADC_SetOffset
                0x08002a28       0x48 ./Drivers/STM32G4xx_HAL_Driver/Src/stm32g4xx_hal_adc.o
 .text.LL_ADC_GetOffsetChannel
                0x08002a70       0x2c ./Drivers/STM32G4xx_HAL_Driver/Src/stm32g4xx_hal_adc.o
 .text.LL_ADC_SetOffsetState
                0x08002a9c       0x36 ./Drivers/STM32G4xx_HAL_Driver/Src/stm32g4xx_hal_adc.o
 .text.LL_ADC_SetOffsetSign
                0x08002ad2       0x36 ./Drivers/STM32G4xx_HAL_Driver/Src/stm32g4xx_hal_adc.o
 .text.LL_ADC_SetOffsetSaturation
                0x08002b08       0x36 ./Drivers/STM32G4xx_HAL_Driver/Src/stm32g4xx_hal_adc.o
 .text.LL_ADC_SetSamplingTimeCommonConfig
                0x08002b3e       0x26 ./Drivers/STM32G4xx_HAL_Driver/Src/stm32g4xx_hal_adc.o
 .text.LL_ADC_REG_IsTriggerSourceSWStart
                0x08002b64       0x26 ./Drivers/STM32G4xx_HAL_Driver/Src/stm32g4xx_hal_adc.o
 .text.LL_ADC_REG_SetSequencerRanks
                0x08002b8a       0x58 ./Drivers/STM32G4xx_HAL_Driver/Src/stm32g4xx_hal_adc.o
 .text.LL_ADC_INJ_IsTriggerSourceSWStart
                0x08002be2       0x26 ./Drivers/STM32G4xx_HAL_Driver/Src/stm32g4xx_hal_adc.o
 .text.LL_ADC_SetChannelSamplingTime
                0x08002c08       0x56 ./Drivers/STM32G4xx_HAL_Driver/Src/stm32g4xx_hal_adc.o
 *fill*         0x08002c5e        0x2 
 .text.LL_ADC_SetChannelSingleDiff
                0x08002c60       0x48 ./Drivers/STM32G4xx_HAL_Driver/Src/stm32g4xx_hal_adc.o
 .text.LL_ADC_GetMultimode
                0x08002ca8       0x1c ./Drivers/STM32G4xx_HAL_Driver/Src/stm32g4xx_hal_adc.o
 .text.LL_ADC_GetMultiDMATransfer
                0x08002cc4       0x1c ./Drivers/STM32G4xx_HAL_Driver/Src/stm32g4xx_hal_adc.o
 .text.LL_ADC_DisableDeepPowerDown
                0x08002ce0       0x24 ./Drivers/STM32G4xx_HAL_Driver/Src/stm32g4xx_hal_adc.o
 .text.LL_ADC_IsDeepPowerDownEnabled
                0x08002d04       0x28 ./Drivers/STM32G4xx_HAL_Driver/Src/stm32g4xx_hal_adc.o
 .text.LL_ADC_EnableInternalRegulator
                0x08002d2c       0x28 ./Drivers/STM32G4xx_HAL_Driver/Src/stm32g4xx_hal_adc.o
 .text.LL_ADC_IsInternalRegulatorEnabled
                0x08002d54       0x28 ./Drivers/STM32G4xx_HAL_Driver/Src/stm32g4xx_hal_adc.o
 .text.LL_ADC_Disable
                0x08002d7c       0x28 ./Drivers/STM32G4xx_HAL_Driver/Src/stm32g4xx_hal_adc.o
 .text.LL_ADC_IsEnabled
                0x08002da4       0x26 ./Drivers/STM32G4xx_HAL_Driver/Src/stm32g4xx_hal_adc.o
 .text.LL_ADC_IsDisableOngoing
                0x08002dca       0x26 ./Drivers/STM32G4xx_HAL_Driver/Src/stm32g4xx_hal_adc.o
 .text.LL_ADC_REG_IsConversionOngoing
                0x08002df0       0x26 ./Drivers/STM32G4xx_HAL_Driver/Src/stm32g4xx_hal_adc.o
 .text.LL_ADC_INJ_IsConversionOngoing
                0x08002e16       0x26 ./Drivers/STM32G4xx_HAL_Driver/Src/stm32g4xx_hal_adc.o
 .text.HAL_ADC_Init
                0x08002e3c      0x378 ./Drivers/STM32G4xx_HAL_Driver/Src/stm32g4xx_hal_adc.o
                0x08002e3c                HAL_ADC_Init
 .text.HAL_ADC_IRQHandler
                0x080031b4      0x4c0 ./Drivers/STM32G4xx_HAL_Driver/Src/stm32g4xx_hal_adc.o
                0x080031b4                HAL_ADC_IRQHandler
 .text.HAL_ADC_ConvCpltCallback
                0x08003674       0x14 ./Drivers/STM32G4xx_HAL_Driver/Src/stm32g4xx_hal_adc.o
                0x08003674                HAL_ADC_ConvCpltCallback
 .text.HAL_ADC_LevelOutOfWindowCallback
                0x08003688       0x14 ./Drivers/STM32G4xx_HAL_Driver/Src/stm32g4xx_hal_adc.o
                0x08003688                HAL_ADC_LevelOutOfWindowCallback
 .text.HAL_ADC_ErrorCallback
                0x0800369c       0x14 ./Drivers/STM32G4xx_HAL_Driver/Src/stm32g4xx_hal_adc.o
                0x0800369c                HAL_ADC_ErrorCallback
 .text.HAL_ADC_ConfigChannel
                0x080036b0      0x880 ./Drivers/STM32G4xx_HAL_Driver/Src/stm32g4xx_hal_adc.o
                0x080036b0                HAL_ADC_ConfigChannel
 .text.ADC_Disable
                0x08003f30       0xbe ./Drivers/STM32G4xx_HAL_Driver/Src/stm32g4xx_hal_adc.o
                0x08003f30                ADC_Disable
 .text.LL_ADC_IsEnabled
                0x08003fee       0x26 ./Drivers/STM32G4xx_HAL_Driver/Src/stm32g4xx_hal_adc_ex.o
 .text.LL_ADC_StartCalibration
                0x08004014       0x32 ./Drivers/STM32G4xx_HAL_Driver/Src/stm32g4xx_hal_adc_ex.o
 .text.LL_ADC_IsCalibrationOnGoing
                0x08004046       0x28 ./Drivers/STM32G4xx_HAL_Driver/Src/stm32g4xx_hal_adc_ex.o
 .text.LL_ADC_REG_IsConversionOngoing
                0x0800406e       0x26 ./Drivers/STM32G4xx_HAL_Driver/Src/stm32g4xx_hal_adc_ex.o
 .text.HAL_ADCEx_Calibration_Start
                0x08004094       0xc4 ./Drivers/STM32G4xx_HAL_Driver/Src/stm32g4xx_hal_adc_ex.o
                0x08004094                HAL_ADCEx_Calibration_Start
 .text.HAL_ADCEx_InjectedConvCpltCallback
                0x08004158       0x14 ./Drivers/STM32G4xx_HAL_Driver/Src/stm32g4xx_hal_adc_ex.o
                0x08004158                HAL_ADCEx_InjectedConvCpltCallback
 .text.HAL_ADCEx_InjectedQueueOverflowCallback
                0x0800416c       0x14 ./Drivers/STM32G4xx_HAL_Driver/Src/stm32g4xx_hal_adc_ex.o
                0x0800416c                HAL_ADCEx_InjectedQueueOverflowCallback
 .text.HAL_ADCEx_LevelOutOfWindow2Callback
                0x08004180       0x14 ./Drivers/STM32G4xx_HAL_Driver/Src/stm32g4xx_hal_adc_ex.o
                0x08004180                HAL_ADCEx_LevelOutOfWindow2Callback
 .text.HAL_ADCEx_LevelOutOfWindow3Callback
                0x08004194       0x14 ./Drivers/STM32G4xx_HAL_Driver/Src/stm32g4xx_hal_adc_ex.o
                0x08004194                HAL_ADCEx_LevelOutOfWindow3Callback
 .text.HAL_ADCEx_EndOfSamplingCallback
                0x080041a8       0x14 ./Drivers/STM32G4xx_HAL_Driver/Src/stm32g4xx_hal_adc_ex.o
                0x080041a8                HAL_ADCEx_EndOfSamplingCallback
 .text.HAL_ADCEx_MultiModeConfigChannel
                0x080041bc      0x210 ./Drivers/STM32G4xx_HAL_Driver/Src/stm32g4xx_hal_adc_ex.o
                0x080041bc                HAL_ADCEx_MultiModeConfigChannel
 .text.LL_EXTI_EnableIT_0_31
                0x080043cc       0x24 ./Drivers/STM32G4xx_HAL_Driver/Src/stm32g4xx_hal_comp.o
 .text.LL_EXTI_EnableIT_32_63
                0x080043f0       0x24 ./Drivers/STM32G4xx_HAL_Driver/Src/stm32g4xx_hal_comp.o
 .text.LL_EXTI_DisableIT_0_31
                0x08004414       0x28 ./Drivers/STM32G4xx_HAL_Driver/Src/stm32g4xx_hal_comp.o
 .text.LL_EXTI_DisableIT_32_63
                0x0800443c       0x28 ./Drivers/STM32G4xx_HAL_Driver/Src/stm32g4xx_hal_comp.o
 .text.LL_EXTI_EnableEvent_0_31
                0x08004464       0x24 ./Drivers/STM32G4xx_HAL_Driver/Src/stm32g4xx_hal_comp.o
 .text.LL_EXTI_EnableEvent_32_63
                0x08004488       0x24 ./Drivers/STM32G4xx_HAL_Driver/Src/stm32g4xx_hal_comp.o
 .text.LL_EXTI_DisableEvent_0_31
                0x080044ac       0x28 ./Drivers/STM32G4xx_HAL_Driver/Src/stm32g4xx_hal_comp.o
 .text.LL_EXTI_DisableEvent_32_63
                0x080044d4       0x28 ./Drivers/STM32G4xx_HAL_Driver/Src/stm32g4xx_hal_comp.o
 .text.LL_EXTI_EnableRisingTrig_0_31
                0x080044fc       0x24 ./Drivers/STM32G4xx_HAL_Driver/Src/stm32g4xx_hal_comp.o
 .text.LL_EXTI_EnableRisingTrig_32_63
                0x08004520       0x24 ./Drivers/STM32G4xx_HAL_Driver/Src/stm32g4xx_hal_comp.o
 .text.LL_EXTI_DisableRisingTrig_0_31
                0x08004544       0x28 ./Drivers/STM32G4xx_HAL_Driver/Src/stm32g4xx_hal_comp.o
 .text.LL_EXTI_DisableRisingTrig_32_63
                0x0800456c       0x28 ./Drivers/STM32G4xx_HAL_Driver/Src/stm32g4xx_hal_comp.o
 .text.LL_EXTI_EnableFallingTrig_0_31
                0x08004594       0x24 ./Drivers/STM32G4xx_HAL_Driver/Src/stm32g4xx_hal_comp.o
 .text.LL_EXTI_EnableFallingTrig_32_63
                0x080045b8       0x24 ./Drivers/STM32G4xx_HAL_Driver/Src/stm32g4xx_hal_comp.o
 .text.LL_EXTI_DisableFallingTrig_0_31
                0x080045dc       0x28 ./Drivers/STM32G4xx_HAL_Driver/Src/stm32g4xx_hal_comp.o
 .text.LL_EXTI_DisableFallingTrig_32_63
                0x08004604       0x28 ./Drivers/STM32G4xx_HAL_Driver/Src/stm32g4xx_hal_comp.o
 .text.LL_EXTI_ClearFlag_0_31
                0x0800462c       0x20 ./Drivers/STM32G4xx_HAL_Driver/Src/stm32g4xx_hal_comp.o
 .text.LL_EXTI_ClearFlag_32_63
                0x0800464c       0x20 ./Drivers/STM32G4xx_HAL_Driver/Src/stm32g4xx_hal_comp.o
 .text.HAL_COMP_Init
                0x0800466c      0x334 ./Drivers/STM32G4xx_HAL_Driver/Src/stm32g4xx_hal_comp.o
                0x0800466c                HAL_COMP_Init
 .text.__NVIC_SetPriorityGrouping
                0x080049a0       0x48 ./Drivers/STM32G4xx_HAL_Driver/Src/stm32g4xx_hal_cortex.o
 .text.__NVIC_GetPriorityGrouping
                0x080049e8       0x1c ./Drivers/STM32G4xx_HAL_Driver/Src/stm32g4xx_hal_cortex.o
 .text.__NVIC_EnableIRQ
                0x08004a04       0x3c ./Drivers/STM32G4xx_HAL_Driver/Src/stm32g4xx_hal_cortex.o
 .text.__NVIC_SetPriority
                0x08004a40       0x54 ./Drivers/STM32G4xx_HAL_Driver/Src/stm32g4xx_hal_cortex.o
 .text.NVIC_EncodePriority
                0x08004a94       0x66 ./Drivers/STM32G4xx_HAL_Driver/Src/stm32g4xx_hal_cortex.o
 *fill*         0x08004afa        0x2 
 .text.SysTick_Config
                0x08004afc       0x44 ./Drivers/STM32G4xx_HAL_Driver/Src/stm32g4xx_hal_cortex.o
 .text.HAL_NVIC_SetPriorityGrouping
                0x08004b40       0x16 ./Drivers/STM32G4xx_HAL_Driver/Src/stm32g4xx_hal_cortex.o
                0x08004b40                HAL_NVIC_SetPriorityGrouping
 .text.HAL_NVIC_SetPriority
                0x08004b56       0x34 ./Drivers/STM32G4xx_HAL_Driver/Src/stm32g4xx_hal_cortex.o
                0x08004b56                HAL_NVIC_SetPriority
 .text.HAL_NVIC_EnableIRQ
                0x08004b8a       0x1c ./Drivers/STM32G4xx_HAL_Driver/Src/stm32g4xx_hal_cortex.o
                0x08004b8a                HAL_NVIC_EnableIRQ
 .text.HAL_SYSTICK_Config
                0x08004ba6       0x18 ./Drivers/STM32G4xx_HAL_Driver/Src/stm32g4xx_hal_cortex.o
                0x08004ba6                HAL_SYSTICK_Config
 .text.HAL_DAC_Init
                0x08004bbe       0x44 ./Drivers/STM32G4xx_HAL_Driver/Src/stm32g4xx_hal_dac.o
                0x08004bbe                HAL_DAC_Init
 *fill*         0x08004c02        0x2 
 .text.HAL_DAC_Start_DMA
                0x08004c04      0x1a8 ./Drivers/STM32G4xx_HAL_Driver/Src/stm32g4xx_hal_dac.o
                0x08004c04                HAL_DAC_Start_DMA
 .text.HAL_DAC_IRQHandler
                0x08004dac       0xac ./Drivers/STM32G4xx_HAL_Driver/Src/stm32g4xx_hal_dac.o
                0x08004dac                HAL_DAC_IRQHandler
 .text.HAL_DAC_ConvCpltCallbackCh1
                0x08004e58       0x14 ./Drivers/STM32G4xx_HAL_Driver/Src/stm32g4xx_hal_dac.o
                0x08004e58                HAL_DAC_ConvCpltCallbackCh1
 .text.HAL_DAC_ConvHalfCpltCallbackCh1
                0x08004e6c       0x14 ./Drivers/STM32G4xx_HAL_Driver/Src/stm32g4xx_hal_dac.o
                0x08004e6c                HAL_DAC_ConvHalfCpltCallbackCh1
 .text.HAL_DAC_ErrorCallbackCh1
                0x08004e80       0x14 ./Drivers/STM32G4xx_HAL_Driver/Src/stm32g4xx_hal_dac.o
                0x08004e80                HAL_DAC_ErrorCallbackCh1
 .text.HAL_DAC_DMAUnderrunCallbackCh1
                0x08004e94       0x14 ./Drivers/STM32G4xx_HAL_Driver/Src/stm32g4xx_hal_dac.o
                0x08004e94                HAL_DAC_DMAUnderrunCallbackCh1
 .text.HAL_DAC_ConfigChannel
                0x08004ea8      0x374 ./Drivers/STM32G4xx_HAL_Driver/Src/stm32g4xx_hal_dac.o
                0x08004ea8                HAL_DAC_ConfigChannel
 .text.DAC_DMAConvCpltCh1
                0x0800521c       0x22 ./Drivers/STM32G4xx_HAL_Driver/Src/stm32g4xx_hal_dac.o
                0x0800521c                DAC_DMAConvCpltCh1
 .text.DAC_DMAHalfConvCpltCh1
                0x0800523e       0x1c ./Drivers/STM32G4xx_HAL_Driver/Src/stm32g4xx_hal_dac.o
                0x0800523e                DAC_DMAHalfConvCpltCh1
 .text.DAC_DMAErrorCh1
                0x0800525a       0x2e ./Drivers/STM32G4xx_HAL_Driver/Src/stm32g4xx_hal_dac.o
                0x0800525a                DAC_DMAErrorCh1
 .text.HAL_DACEx_ConvCpltCallbackCh2
                0x08005288       0x14 ./Drivers/STM32G4xx_HAL_Driver/Src/stm32g4xx_hal_dac_ex.o
                0x08005288                HAL_DACEx_ConvCpltCallbackCh2
 .text.HAL_DACEx_ConvHalfCpltCallbackCh2
                0x0800529c       0x14 ./Drivers/STM32G4xx_HAL_Driver/Src/stm32g4xx_hal_dac_ex.o
                0x0800529c                HAL_DACEx_ConvHalfCpltCallbackCh2
 .text.HAL_DACEx_ErrorCallbackCh2
                0x080052b0       0x14 ./Drivers/STM32G4xx_HAL_Driver/Src/stm32g4xx_hal_dac_ex.o
                0x080052b0                HAL_DACEx_ErrorCallbackCh2
 .text.HAL_DACEx_DMAUnderrunCallbackCh2
                0x080052c4       0x14 ./Drivers/STM32G4xx_HAL_Driver/Src/stm32g4xx_hal_dac_ex.o
                0x080052c4                HAL_DACEx_DMAUnderrunCallbackCh2
 .text.DAC_DMAConvCpltCh2
                0x080052d8       0x22 ./Drivers/STM32G4xx_HAL_Driver/Src/stm32g4xx_hal_dac_ex.o
                0x080052d8                DAC_DMAConvCpltCh2
 .text.DAC_DMAHalfConvCpltCh2
                0x080052fa       0x1c ./Drivers/STM32G4xx_HAL_Driver/Src/stm32g4xx_hal_dac_ex.o
                0x080052fa                DAC_DMAHalfConvCpltCh2
 .text.DAC_DMAErrorCh2
                0x08005316       0x2e ./Drivers/STM32G4xx_HAL_Driver/Src/stm32g4xx_hal_dac_ex.o
                0x08005316                DAC_DMAErrorCh2
 .text.HAL_DMA_Init
                0x08005344      0x150 ./Drivers/STM32G4xx_HAL_Driver/Src/stm32g4xx_hal_dma.o
                0x08005344                HAL_DMA_Init
 .text.HAL_DMA_Start_IT
                0x08005494       0xf6 ./Drivers/STM32G4xx_HAL_Driver/Src/stm32g4xx_hal_dma.o
                0x08005494                HAL_DMA_Start_IT
 .text.HAL_DMA_Abort
                0x0800558a       0xb2 ./Drivers/STM32G4xx_HAL_Driver/Src/stm32g4xx_hal_dma.o
                0x0800558a                HAL_DMA_Abort
 .text.HAL_DMA_Abort_IT
                0x0800563c       0xce ./Drivers/STM32G4xx_HAL_Driver/Src/stm32g4xx_hal_dma.o
                0x0800563c                HAL_DMA_Abort_IT
 .text.HAL_DMA_IRQHandler
                0x0800570a      0x15e ./Drivers/STM32G4xx_HAL_Driver/Src/stm32g4xx_hal_dma.o
                0x0800570a                HAL_DMA_IRQHandler
 .text.DMA_SetConfig
                0x08005868       0x7c ./Drivers/STM32G4xx_HAL_Driver/Src/stm32g4xx_hal_dma.o
 .text.DMA_CalcDMAMUXChannelBaseAndMask
                0x080058e4       0x7c ./Drivers/STM32G4xx_HAL_Driver/Src/stm32g4xx_hal_dma.o
 .text.DMA_CalcDMAMUXRequestGenBaseAndMask
                0x08005960       0x48 ./Drivers/STM32G4xx_HAL_Driver/Src/stm32g4xx_hal_dma.o
 .text.HAL_GPIO_Init
                0x080059a8      0x304 ./Drivers/STM32G4xx_HAL_Driver/Src/stm32g4xx_hal_gpio.o
                0x080059a8                HAL_GPIO_Init
 .text.HAL_GPIO_ReadPin
                0x08005cac       0x30 ./Drivers/STM32G4xx_HAL_Driver/Src/stm32g4xx_hal_gpio.o
                0x08005cac                HAL_GPIO_ReadPin
 .text.HAL_GPIO_WritePin
                0x08005cdc       0x30 ./Drivers/STM32G4xx_HAL_Driver/Src/stm32g4xx_hal_gpio.o
                0x08005cdc                HAL_GPIO_WritePin
 .text.HAL_GPIO_EXTI_IRQHandler
                0x08005d0c       0x30 ./Drivers/STM32G4xx_HAL_Driver/Src/stm32g4xx_hal_gpio.o
                0x08005d0c                HAL_GPIO_EXTI_IRQHandler
 .text.HAL_GPIO_EXTI_Callback
                0x08005d3c       0x16 ./Drivers/STM32G4xx_HAL_Driver/Src/stm32g4xx_hal_gpio.o
                0x08005d3c                HAL_GPIO_EXTI_Callback
 *fill*         0x08005d52        0x2 
 .text.HAL_HRTIM_Init
                0x08005d54      0x1a0 ./Drivers/STM32G4xx_HAL_Driver/Src/stm32g4xx_hal_hrtim.o
                0x08005d54                HAL_HRTIM_Init
 .text.HAL_HRTIM_DLLCalibrationStart
                0x08005ef4       0xb0 ./Drivers/STM32G4xx_HAL_Driver/Src/stm32g4xx_hal_hrtim.o
                0x08005ef4                HAL_HRTIM_DLLCalibrationStart
 .text.HAL_HRTIM_PollForDLLCalibration
                0x08005fa4       0x68 ./Drivers/STM32G4xx_HAL_Driver/Src/stm32g4xx_hal_hrtim.o
                0x08005fa4                HAL_HRTIM_PollForDLLCalibration
 .text.HAL_HRTIM_TimeBaseConfig
                0x0800600c       0x50 ./Drivers/STM32G4xx_HAL_Driver/Src/stm32g4xx_hal_hrtim.o
                0x0800600c                HAL_HRTIM_TimeBaseConfig
 .text.HAL_HRTIM_WaveformTimerConfig
                0x0800605c      0x11a ./Drivers/STM32G4xx_HAL_Driver/Src/stm32g4xx_hal_hrtim.o
                0x0800605c                HAL_HRTIM_WaveformTimerConfig
 .text.HAL_HRTIM_WaveformTimerControl
                0x08006176       0x66 ./Drivers/STM32G4xx_HAL_Driver/Src/stm32g4xx_hal_hrtim.o
                0x08006176                HAL_HRTIM_WaveformTimerControl
 .text.HAL_HRTIM_WaveformOutputConfig
                0x080061dc       0x62 ./Drivers/STM32G4xx_HAL_Driver/Src/stm32g4xx_hal_hrtim.o
                0x080061dc                HAL_HRTIM_WaveformOutputConfig
 .text.HAL_HRTIM_IRQHandler
                0x0800623e       0x36 ./Drivers/STM32G4xx_HAL_Driver/Src/stm32g4xx_hal_hrtim.o
                0x0800623e                HAL_HRTIM_IRQHandler
 .text.HAL_HRTIM_Fault1Callback
                0x08006274       0x14 ./Drivers/STM32G4xx_HAL_Driver/Src/stm32g4xx_hal_hrtim.o
                0x08006274                HAL_HRTIM_Fault1Callback
 .text.HAL_HRTIM_Fault2Callback
                0x08006288       0x14 ./Drivers/STM32G4xx_HAL_Driver/Src/stm32g4xx_hal_hrtim.o
                0x08006288                HAL_HRTIM_Fault2Callback
 .text.HAL_HRTIM_Fault3Callback
                0x0800629c       0x14 ./Drivers/STM32G4xx_HAL_Driver/Src/stm32g4xx_hal_hrtim.o
                0x0800629c                HAL_HRTIM_Fault3Callback
 .text.HAL_HRTIM_Fault4Callback
                0x080062b0       0x14 ./Drivers/STM32G4xx_HAL_Driver/Src/stm32g4xx_hal_hrtim.o
                0x080062b0                HAL_HRTIM_Fault4Callback
 .text.HAL_HRTIM_Fault5Callback
                0x080062c4       0x14 ./Drivers/STM32G4xx_HAL_Driver/Src/stm32g4xx_hal_hrtim.o
                0x080062c4                HAL_HRTIM_Fault5Callback
 .text.HAL_HRTIM_Fault6Callback
                0x080062d8       0x14 ./Drivers/STM32G4xx_HAL_Driver/Src/stm32g4xx_hal_hrtim.o
                0x080062d8                HAL_HRTIM_Fault6Callback
 .text.HAL_HRTIM_SystemFaultCallback
                0x080062ec       0x14 ./Drivers/STM32G4xx_HAL_Driver/Src/stm32g4xx_hal_hrtim.o
                0x080062ec                HAL_HRTIM_SystemFaultCallback
 .text.HAL_HRTIM_DLLCalibrationReadyCallback
                0x08006300       0x14 ./Drivers/STM32G4xx_HAL_Driver/Src/stm32g4xx_hal_hrtim.o
                0x08006300                HAL_HRTIM_DLLCalibrationReadyCallback
 .text.HAL_HRTIM_BurstModePeriodCallback
                0x08006314       0x14 ./Drivers/STM32G4xx_HAL_Driver/Src/stm32g4xx_hal_hrtim.o
                0x08006314                HAL_HRTIM_BurstModePeriodCallback
 .text.HAL_HRTIM_SynchronizationEventCallback
                0x08006328       0x14 ./Drivers/STM32G4xx_HAL_Driver/Src/stm32g4xx_hal_hrtim.o
                0x08006328                HAL_HRTIM_SynchronizationEventCallback
 .text.HAL_HRTIM_RegistersUpdateCallback
                0x0800633c       0x16 ./Drivers/STM32G4xx_HAL_Driver/Src/stm32g4xx_hal_hrtim.o
                0x0800633c                HAL_HRTIM_RegistersUpdateCallback
 .text.HAL_HRTIM_RepetitionEventCallback
                0x08006352       0x16 ./Drivers/STM32G4xx_HAL_Driver/Src/stm32g4xx_hal_hrtim.o
                0x08006352                HAL_HRTIM_RepetitionEventCallback
 .text.HAL_HRTIM_Compare1EventCallback
                0x08006368       0x16 ./Drivers/STM32G4xx_HAL_Driver/Src/stm32g4xx_hal_hrtim.o
                0x08006368                HAL_HRTIM_Compare1EventCallback
 .text.HAL_HRTIM_Compare2EventCallback
                0x0800637e       0x16 ./Drivers/STM32G4xx_HAL_Driver/Src/stm32g4xx_hal_hrtim.o
                0x0800637e                HAL_HRTIM_Compare2EventCallback
 .text.HAL_HRTIM_Compare3EventCallback
                0x08006394       0x16 ./Drivers/STM32G4xx_HAL_Driver/Src/stm32g4xx_hal_hrtim.o
                0x08006394                HAL_HRTIM_Compare3EventCallback
 .text.HAL_HRTIM_Compare4EventCallback
                0x080063aa       0x16 ./Drivers/STM32G4xx_HAL_Driver/Src/stm32g4xx_hal_hrtim.o
                0x080063aa                HAL_HRTIM_Compare4EventCallback
 .text.HAL_HRTIM_Capture1EventCallback
                0x080063c0       0x16 ./Drivers/STM32G4xx_HAL_Driver/Src/stm32g4xx_hal_hrtim.o
                0x080063c0                HAL_HRTIM_Capture1EventCallback
 .text.HAL_HRTIM_Capture2EventCallback
                0x080063d6       0x16 ./Drivers/STM32G4xx_HAL_Driver/Src/stm32g4xx_hal_hrtim.o
                0x080063d6                HAL_HRTIM_Capture2EventCallback
 .text.HAL_HRTIM_DelayedProtectionCallback
                0x080063ec       0x16 ./Drivers/STM32G4xx_HAL_Driver/Src/stm32g4xx_hal_hrtim.o
                0x080063ec                HAL_HRTIM_DelayedProtectionCallback
 .text.HAL_HRTIM_CounterResetCallback
                0x08006402       0x16 ./Drivers/STM32G4xx_HAL_Driver/Src/stm32g4xx_hal_hrtim.o
                0x08006402                HAL_HRTIM_CounterResetCallback
 .text.HAL_HRTIM_Output1SetCallback
                0x08006418       0x16 ./Drivers/STM32G4xx_HAL_Driver/Src/stm32g4xx_hal_hrtim.o
                0x08006418                HAL_HRTIM_Output1SetCallback
 .text.HAL_HRTIM_Output1ResetCallback
                0x0800642e       0x16 ./Drivers/STM32G4xx_HAL_Driver/Src/stm32g4xx_hal_hrtim.o
                0x0800642e                HAL_HRTIM_Output1ResetCallback
 .text.HAL_HRTIM_Output2SetCallback
                0x08006444       0x16 ./Drivers/STM32G4xx_HAL_Driver/Src/stm32g4xx_hal_hrtim.o
                0x08006444                HAL_HRTIM_Output2SetCallback
 .text.HAL_HRTIM_Output2ResetCallback
                0x0800645a       0x16 ./Drivers/STM32G4xx_HAL_Driver/Src/stm32g4xx_hal_hrtim.o
                0x0800645a                HAL_HRTIM_Output2ResetCallback
 .text.HRTIM_MasterBase_Config
                0x08006470       0x5e ./Drivers/STM32G4xx_HAL_Driver/Src/stm32g4xx_hal_hrtim.o
 .text.HRTIM_TimingUnitBase_Config
                0x080064ce       0x80 ./Drivers/STM32G4xx_HAL_Driver/Src/stm32g4xx_hal_hrtim.o
 .text.HRTIM_MasterWaveform_Config
                0x0800654e      0x13a ./Drivers/STM32G4xx_HAL_Driver/Src/stm32g4xx_hal_hrtim.o
 .text.HRTIM_TimingUnitWaveform_Config
                0x08006688      0x30c ./Drivers/STM32G4xx_HAL_Driver/Src/stm32g4xx_hal_hrtim.o
 .text.HRTIM_TimingUnitWaveform_Control
                0x08006994       0xc0 ./Drivers/STM32G4xx_HAL_Driver/Src/stm32g4xx_hal_hrtim.o
 .text.HRTIM_OutputConfig
                0x08006a54      0x1d0 ./Drivers/STM32G4xx_HAL_Driver/Src/stm32g4xx_hal_hrtim.o
 .text.HRTIM_ForceRegistersUpdate
                0x08006c24       0xdc ./Drivers/STM32G4xx_HAL_Driver/Src/stm32g4xx_hal_hrtim.o
 .text.HRTIM_HRTIM_ISR
                0x08006d00      0x120 ./Drivers/STM32G4xx_HAL_Driver/Src/stm32g4xx_hal_hrtim.o
 .text.HRTIM_Master_ISR
                0x08006e20      0x18a ./Drivers/STM32G4xx_HAL_Driver/Src/stm32g4xx_hal_hrtim.o
 .text.HRTIM_Timer_ISR
                0x08006faa      0x2aa ./Drivers/STM32G4xx_HAL_Driver/Src/stm32g4xx_hal_hrtim.o
 .text.HAL_PCD_Init
                0x08007254      0x19c ./Drivers/STM32G4xx_HAL_Driver/Src/stm32g4xx_hal_pcd.o
                0x08007254                HAL_PCD_Init
 .text.HAL_PCD_IRQHandler
                0x080073f0      0x24e ./Drivers/STM32G4xx_HAL_Driver/Src/stm32g4xx_hal_pcd.o
                0x080073f0                HAL_PCD_IRQHandler
 .text.HAL_PCD_DataOutStageCallback
                0x0800763e       0x18 ./Drivers/STM32G4xx_HAL_Driver/Src/stm32g4xx_hal_pcd.o
                0x0800763e                HAL_PCD_DataOutStageCallback
 .text.HAL_PCD_DataInStageCallback
                0x08007656       0x18 ./Drivers/STM32G4xx_HAL_Driver/Src/stm32g4xx_hal_pcd.o
                0x08007656                HAL_PCD_DataInStageCallback
 .text.HAL_PCD_SetupStageCallback
                0x0800766e       0x14 ./Drivers/STM32G4xx_HAL_Driver/Src/stm32g4xx_hal_pcd.o
                0x0800766e                HAL_PCD_SetupStageCallback
 .text.HAL_PCD_SOFCallback
                0x08007682       0x14 ./Drivers/STM32G4xx_HAL_Driver/Src/stm32g4xx_hal_pcd.o
                0x08007682                HAL_PCD_SOFCallback
 .text.HAL_PCD_ResetCallback
                0x08007696       0x14 ./Drivers/STM32G4xx_HAL_Driver/Src/stm32g4xx_hal_pcd.o
                0x08007696                HAL_PCD_ResetCallback
 .text.HAL_PCD_SuspendCallback
                0x080076aa       0x14 ./Drivers/STM32G4xx_HAL_Driver/Src/stm32g4xx_hal_pcd.o
                0x080076aa                HAL_PCD_SuspendCallback
 .text.HAL_PCD_ResumeCallback
                0x080076be       0x14 ./Drivers/STM32G4xx_HAL_Driver/Src/stm32g4xx_hal_pcd.o
                0x080076be                HAL_PCD_ResumeCallback
 .text.HAL_PCD_SetAddress
                0x080076d2       0x48 ./Drivers/STM32G4xx_HAL_Driver/Src/stm32g4xx_hal_pcd.o
                0x080076d2                HAL_PCD_SetAddress
 .text.PCD_EP_ISR_Handler
                0x0800771a      0x68e ./Drivers/STM32G4xx_HAL_Driver/Src/stm32g4xx_hal_pcd.o
 .text.HAL_PCD_EP_DB_Receive
                0x08007da8      0x212 ./Drivers/STM32G4xx_HAL_Driver/Src/stm32g4xx_hal_pcd.o
 .text.HAL_PCD_EP_DB_Transmit
                0x08007fba      0x878 ./Drivers/STM32G4xx_HAL_Driver/Src/stm32g4xx_hal_pcd.o
 .text.HAL_PCDEx_ActivateLPM
                0x08008832       0x54 ./Drivers/STM32G4xx_HAL_Driver/Src/stm32g4xx_hal_pcd_ex.o
                0x08008832                HAL_PCDEx_ActivateLPM
 .text.HAL_PCDEx_LPM_Callback
                0x08008886       0x18 ./Drivers/STM32G4xx_HAL_Driver/Src/stm32g4xx_hal_pcd_ex.o
                0x08008886                HAL_PCDEx_LPM_Callback
 *fill*         0x0800889e        0x2 
 .text.HAL_PWREx_ControlVoltageScaling
                0x080088a0      0x148 ./Drivers/STM32G4xx_HAL_Driver/Src/stm32g4xx_hal_pwr_ex.o
                0x080088a0                HAL_PWREx_ControlVoltageScaling
 .text.HAL_PWREx_DisableUCPDDeadBattery
                0x080089e8       0x20 ./Drivers/STM32G4xx_HAL_Driver/Src/stm32g4xx_hal_pwr_ex.o
                0x080089e8                HAL_PWREx_DisableUCPDDeadBattery
 .text.HAL_RCC_OscConfig
                0x08008a08      0x624 ./Drivers/STM32G4xx_HAL_Driver/Src/stm32g4xx_hal_rcc.o
                0x08008a08                HAL_RCC_OscConfig
 .text.HAL_RCC_ClockConfig
                0x0800902c      0x278 ./Drivers/STM32G4xx_HAL_Driver/Src/stm32g4xx_hal_rcc.o
                0x0800902c                HAL_RCC_ClockConfig
 .text.HAL_RCC_GetSysClockFreq
                0x080092a4       0xc4 ./Drivers/STM32G4xx_HAL_Driver/Src/stm32g4xx_hal_rcc.o
                0x080092a4                HAL_RCC_GetSysClockFreq
 .text.HAL_RCC_GetHCLKFreq
                0x08009368       0x18 ./Drivers/STM32G4xx_HAL_Driver/Src/stm32g4xx_hal_rcc.o
                0x08009368                HAL_RCC_GetHCLKFreq
 .text.HAL_RCC_GetPCLK1Freq
                0x08009380       0x2c ./Drivers/STM32G4xx_HAL_Driver/Src/stm32g4xx_hal_rcc.o
                0x08009380                HAL_RCC_GetPCLK1Freq
 .text.HAL_RCC_GetPCLK2Freq
                0x080093ac       0x2c ./Drivers/STM32G4xx_HAL_Driver/Src/stm32g4xx_hal_rcc.o
                0x080093ac                HAL_RCC_GetPCLK2Freq
 .text.RCC_GetSysClockFreqFromPLLSource
                0x080093d8       0x8c ./Drivers/STM32G4xx_HAL_Driver/Src/stm32g4xx_hal_rcc.o
 .text.HAL_RCCEx_PeriphCLKConfig
                0x08009464      0x49c ./Drivers/STM32G4xx_HAL_Driver/Src/stm32g4xx_hal_rcc_ex.o
                0x08009464                HAL_RCCEx_PeriphCLKConfig
 .text.HAL_TIM_Base_Init
                0x08009900       0xae ./Drivers/STM32G4xx_HAL_Driver/Src/stm32g4xx_hal_tim.o
                0x08009900                HAL_TIM_Base_Init
 *fill*         0x080099ae        0x2 
 .text.HAL_TIM_Base_Start
                0x080099b0       0xe0 ./Drivers/STM32G4xx_HAL_Driver/Src/stm32g4xx_hal_tim.o
                0x080099b0                HAL_TIM_Base_Start
 .text.HAL_TIM_Base_Start_IT
                0x08009a90       0xf0 ./Drivers/STM32G4xx_HAL_Driver/Src/stm32g4xx_hal_tim.o
                0x08009a90                HAL_TIM_Base_Start_IT
 .text.HAL_TIM_PWM_Init
                0x08009b80       0xae ./Drivers/STM32G4xx_HAL_Driver/Src/stm32g4xx_hal_tim.o
                0x08009b80                HAL_TIM_PWM_Init
 *fill*         0x08009c2e        0x2 
 .text.HAL_TIM_PWM_Start
                0x08009c30      0x224 ./Drivers/STM32G4xx_HAL_Driver/Src/stm32g4xx_hal_tim.o
                0x08009c30                HAL_TIM_PWM_Start
 .text.HAL_TIM_IRQHandler
                0x08009e54      0x29e ./Drivers/STM32G4xx_HAL_Driver/Src/stm32g4xx_hal_tim.o
                0x08009e54                HAL_TIM_IRQHandler
 *fill*         0x0800a0f2        0x2 
 .text.HAL_TIM_PWM_ConfigChannel
                0x0800a0f4      0x228 ./Drivers/STM32G4xx_HAL_Driver/Src/stm32g4xx_hal_tim.o
                0x0800a0f4                HAL_TIM_PWM_ConfigChannel
 .text.HAL_TIM_PeriodElapsedCallback
                0x0800a31c       0x14 ./Drivers/STM32G4xx_HAL_Driver/Src/stm32g4xx_hal_tim.o
                0x0800a31c                HAL_TIM_PeriodElapsedCallback
 .text.HAL_TIM_OC_DelayElapsedCallback
                0x0800a330       0x14 ./Drivers/STM32G4xx_HAL_Driver/Src/stm32g4xx_hal_tim.o
                0x0800a330                HAL_TIM_OC_DelayElapsedCallback
 .text.HAL_TIM_IC_CaptureCallback
                0x0800a344       0x14 ./Drivers/STM32G4xx_HAL_Driver/Src/stm32g4xx_hal_tim.o
                0x0800a344                HAL_TIM_IC_CaptureCallback
 .text.HAL_TIM_PWM_PulseFinishedCallback
                0x0800a358       0x14 ./Drivers/STM32G4xx_HAL_Driver/Src/stm32g4xx_hal_tim.o
                0x0800a358                HAL_TIM_PWM_PulseFinishedCallback
 .text.HAL_TIM_TriggerCallback
                0x0800a36c       0x14 ./Drivers/STM32G4xx_HAL_Driver/Src/stm32g4xx_hal_tim.o
                0x0800a36c                HAL_TIM_TriggerCallback
 .text.TIM_Base_SetConfig
                0x0800a380      0x168 ./Drivers/STM32G4xx_HAL_Driver/Src/stm32g4xx_hal_tim.o
                0x0800a380                TIM_Base_SetConfig
 .text.TIM_OC1_SetConfig
                0x0800a4e8      0x134 ./Drivers/STM32G4xx_HAL_Driver/Src/stm32g4xx_hal_tim.o
 .text.TIM_OC2_SetConfig
                0x0800a61c      0x128 ./Drivers/STM32G4xx_HAL_Driver/Src/stm32g4xx_hal_tim.o
                0x0800a61c                TIM_OC2_SetConfig
 .text.TIM_OC3_SetConfig
                0x0800a744      0x124 ./Drivers/STM32G4xx_HAL_Driver/Src/stm32g4xx_hal_tim.o
 .text.TIM_OC4_SetConfig
                0x0800a868      0x128 ./Drivers/STM32G4xx_HAL_Driver/Src/stm32g4xx_hal_tim.o
 .text.TIM_OC5_SetConfig
                0x0800a990       0xd4 ./Drivers/STM32G4xx_HAL_Driver/Src/stm32g4xx_hal_tim.o
 .text.TIM_OC6_SetConfig
                0x0800aa64       0xd8 ./Drivers/STM32G4xx_HAL_Driver/Src/stm32g4xx_hal_tim.o
 .text.TIM_CCxChannelCmd
                0x0800ab3c       0x4a ./Drivers/STM32G4xx_HAL_Driver/Src/stm32g4xx_hal_tim.o
                0x0800ab3c                TIM_CCxChannelCmd
 *fill*         0x0800ab86        0x2 
 .text.HAL_TIMEx_MasterConfigSynchronization
                0x0800ab88      0x12c ./Drivers/STM32G4xx_HAL_Driver/Src/stm32g4xx_hal_tim_ex.o
                0x0800ab88                HAL_TIMEx_MasterConfigSynchronization
 .text.HAL_TIMEx_ConfigBreakDeadTime
                0x0800acb4      0x128 ./Drivers/STM32G4xx_HAL_Driver/Src/stm32g4xx_hal_tim_ex.o
                0x0800acb4                HAL_TIMEx_ConfigBreakDeadTime
 .text.HAL_TIMEx_CommutCallback
                0x0800addc       0x14 ./Drivers/STM32G4xx_HAL_Driver/Src/stm32g4xx_hal_tim_ex.o
                0x0800addc                HAL_TIMEx_CommutCallback
 .text.HAL_TIMEx_BreakCallback
                0x0800adf0       0x14 ./Drivers/STM32G4xx_HAL_Driver/Src/stm32g4xx_hal_tim_ex.o
                0x0800adf0                HAL_TIMEx_BreakCallback
 .text.HAL_TIMEx_Break2Callback
                0x0800ae04       0x14 ./Drivers/STM32G4xx_HAL_Driver/Src/stm32g4xx_hal_tim_ex.o
                0x0800ae04                HAL_TIMEx_Break2Callback
 .text.HAL_TIMEx_EncoderIndexCallback
                0x0800ae18       0x14 ./Drivers/STM32G4xx_HAL_Driver/Src/stm32g4xx_hal_tim_ex.o
                0x0800ae18                HAL_TIMEx_EncoderIndexCallback
 .text.HAL_TIMEx_DirectionChangeCallback
                0x0800ae2c       0x14 ./Drivers/STM32G4xx_HAL_Driver/Src/stm32g4xx_hal_tim_ex.o
                0x0800ae2c                HAL_TIMEx_DirectionChangeCallback
 .text.HAL_TIMEx_IndexErrorCallback
                0x0800ae40       0x14 ./Drivers/STM32G4xx_HAL_Driver/Src/stm32g4xx_hal_tim_ex.o
                0x0800ae40                HAL_TIMEx_IndexErrorCallback
 .text.HAL_TIMEx_TransitionErrorCallback
                0x0800ae54       0x14 ./Drivers/STM32G4xx_HAL_Driver/Src/stm32g4xx_hal_tim_ex.o
                0x0800ae54                HAL_TIMEx_TransitionErrorCallback
 .text.HAL_UART_Init
                0x0800ae68       0xa0 ./Drivers/STM32G4xx_HAL_Driver/Src/stm32g4xx_hal_uart.o
                0x0800ae68                HAL_UART_Init
 .text.HAL_UART_Transmit_DMA
                0x0800af08      0x100 ./Drivers/STM32G4xx_HAL_Driver/Src/stm32g4xx_hal_uart.o
                0x0800af08                HAL_UART_Transmit_DMA
 .text.HAL_UART_IRQHandler
                0x0800b008      0x684 ./Drivers/STM32G4xx_HAL_Driver/Src/stm32g4xx_hal_uart.o
                0x0800b008                HAL_UART_IRQHandler
 .text.HAL_UART_TxHalfCpltCallback
                0x0800b68c       0x14 ./Drivers/STM32G4xx_HAL_Driver/Src/stm32g4xx_hal_uart.o
                0x0800b68c                HAL_UART_TxHalfCpltCallback
 .text.HAL_UART_ErrorCallback
                0x0800b6a0       0x14 ./Drivers/STM32G4xx_HAL_Driver/Src/stm32g4xx_hal_uart.o
                0x0800b6a0                HAL_UART_ErrorCallback
 .text.HAL_UARTEx_RxEventCallback
                0x0800b6b4       0x18 ./Drivers/STM32G4xx_HAL_Driver/Src/stm32g4xx_hal_uart.o
                0x0800b6b4                HAL_UARTEx_RxEventCallback
 .text.UART_SetConfig
                0x0800b6cc      0x5f8 ./Drivers/STM32G4xx_HAL_Driver/Src/stm32g4xx_hal_uart.o
                0x0800b6cc                UART_SetConfig
 .text.UART_AdvFeatureConfig
                0x0800bcc4      0x144 ./Drivers/STM32G4xx_HAL_Driver/Src/stm32g4xx_hal_uart.o
                0x0800bcc4                UART_AdvFeatureConfig
 .text.UART_CheckIdleState
                0x0800be08      0x154 ./Drivers/STM32G4xx_HAL_Driver/Src/stm32g4xx_hal_uart.o
                0x0800be08                UART_CheckIdleState
 .text.UART_WaitOnFlagUntilTimeout
                0x0800bf5c       0xda ./Drivers/STM32G4xx_HAL_Driver/Src/stm32g4xx_hal_uart.o
                0x0800bf5c                UART_WaitOnFlagUntilTimeout
 .text.UART_EndTxTransfer
                0x0800c036       0x82 ./Drivers/STM32G4xx_HAL_Driver/Src/stm32g4xx_hal_uart.o
 .text.UART_EndRxTransfer
                0x0800c0b8       0xcc ./Drivers/STM32G4xx_HAL_Driver/Src/stm32g4xx_hal_uart.o
 .text.UART_DMATransmitCplt
                0x0800c184       0x9a ./Drivers/STM32G4xx_HAL_Driver/Src/stm32g4xx_hal_uart.o
 .text.UART_DMATxHalfCplt
                0x0800c21e       0x1c ./Drivers/STM32G4xx_HAL_Driver/Src/stm32g4xx_hal_uart.o
 .text.UART_DMAError
                0x0800c23a       0x80 ./Drivers/STM32G4xx_HAL_Driver/Src/stm32g4xx_hal_uart.o
 .text.UART_DMAAbortOnError
                0x0800c2ba       0x24 ./Drivers/STM32G4xx_HAL_Driver/Src/stm32g4xx_hal_uart.o
 .text.UART_EndTransmit_IT
                0x0800c2de       0x56 ./Drivers/STM32G4xx_HAL_Driver/Src/stm32g4xx_hal_uart.o
 .text.HAL_UARTEx_WakeupCallback
                0x0800c334       0x14 ./Drivers/STM32G4xx_HAL_Driver/Src/stm32g4xx_hal_uart_ex.o
                0x0800c334                HAL_UARTEx_WakeupCallback
 .text.HAL_UARTEx_RxFifoFullCallback
                0x0800c348       0x14 ./Drivers/STM32G4xx_HAL_Driver/Src/stm32g4xx_hal_uart_ex.o
                0x0800c348                HAL_UARTEx_RxFifoFullCallback
 .text.HAL_UARTEx_TxFifoEmptyCallback
                0x0800c35c       0x14 ./Drivers/STM32G4xx_HAL_Driver/Src/stm32g4xx_hal_uart_ex.o
                0x0800c35c                HAL_UARTEx_TxFifoEmptyCallback
 .text.HAL_UARTEx_DisableFifoMode
                0x0800c370       0x72 ./Drivers/STM32G4xx_HAL_Driver/Src/stm32g4xx_hal_uart_ex.o
                0x0800c370                HAL_UARTEx_DisableFifoMode
 .text.HAL_UARTEx_SetTxFifoThreshold
                0x0800c3e2       0x7c ./Drivers/STM32G4xx_HAL_Driver/Src/stm32g4xx_hal_uart_ex.o
                0x0800c3e2                HAL_UARTEx_SetTxFifoThreshold
 .text.HAL_UARTEx_SetRxFifoThreshold
                0x0800c45e       0x7c ./Drivers/STM32G4xx_HAL_Driver/Src/stm32g4xx_hal_uart_ex.o
                0x0800c45e                HAL_UARTEx_SetRxFifoThreshold
 *fill*         0x0800c4da        0x2 
 .text.UARTEx_SetNbDataToProcess
                0x0800c4dc       0x9c ./Drivers/STM32G4xx_HAL_Driver/Src/stm32g4xx_hal_uart_ex.o
 .text.LL_GPIO_SetPinMode
                0x0800c578       0x7a ./Drivers/STM32G4xx_HAL_Driver/Src/stm32g4xx_ll_gpio.o
 .text.LL_GPIO_SetPinOutputType
                0x0800c5f2       0x30 ./Drivers/STM32G4xx_HAL_Driver/Src/stm32g4xx_ll_gpio.o
 .text.LL_GPIO_SetPinSpeed
                0x0800c622       0x7a ./Drivers/STM32G4xx_HAL_Driver/Src/stm32g4xx_ll_gpio.o
 .text.LL_GPIO_SetPinPull
                0x0800c69c       0x7a ./Drivers/STM32G4xx_HAL_Driver/Src/stm32g4xx_ll_gpio.o
 .text.LL_GPIO_SetAFPin_0_7
                0x0800c716       0x7a ./Drivers/STM32G4xx_HAL_Driver/Src/stm32g4xx_ll_gpio.o
 .text.LL_GPIO_SetAFPin_8_15
                0x0800c790       0x7e ./Drivers/STM32G4xx_HAL_Driver/Src/stm32g4xx_ll_gpio.o
 .text.LL_GPIO_Init
                0x0800c80e       0xdc ./Drivers/STM32G4xx_HAL_Driver/Src/stm32g4xx_ll_gpio.o
                0x0800c80e                LL_GPIO_Init
 .text.USB_DisableGlobalInt
                0x0800c8ea       0x36 ./Drivers/STM32G4xx_HAL_Driver/Src/stm32g4xx_ll_usb.o
                0x0800c8ea                USB_DisableGlobalInt
 .text.USB_DevInit
                0x0800c920       0x3c ./Drivers/STM32G4xx_HAL_Driver/Src/stm32g4xx_ll_usb.o
                0x0800c920                USB_DevInit
 .text.USB_EPStartXfer
                0x0800c95c      0xb5e ./Drivers/STM32G4xx_HAL_Driver/Src/stm32g4xx_ll_usb.o
                0x0800c95c                USB_EPStartXfer
 .text.USB_SetDevAddress
                0x0800d4ba       0x28 ./Drivers/STM32G4xx_HAL_Driver/Src/stm32g4xx_ll_usb.o
                0x0800d4ba                USB_SetDevAddress
 .text.USB_ReadInterrupts
                0x0800d4e2       0x20 ./Drivers/STM32G4xx_HAL_Driver/Src/stm32g4xx_ll_usb.o
                0x0800d4e2                USB_ReadInterrupts
 .text.USB_WritePMA
                0x0800d502       0x86 ./Drivers/STM32G4xx_HAL_Driver/Src/stm32g4xx_ll_usb.o
                0x0800d502                USB_WritePMA
 .text.USB_ReadPMA
                0x0800d588       0x98 ./Drivers/STM32G4xx_HAL_Driver/Src/stm32g4xx_ll_usb.o
                0x0800d588                USB_ReadPMA
 .text.memset   0x0800d620       0x10 D:/ST/STM32CubeIDE_1.18.1/STM32CubeIDE/plugins/com.st.stm32cube.ide.mcu.externaltools.gnu-tools-for-stm32.13.3.rel1.win32_1.0.0.202411081344/tools/bin/../lib/gcc/arm-none-eabi/13.3.1/../../../../arm-none-eabi/lib/thumb/v7e-m+fp/hard\libc_nano.a(libc_a-memset.o)
                0x0800d620                memset
 .text.__libc_init_array
                0x0800d630       0x48 D:/ST/STM32CubeIDE_1.18.1/STM32CubeIDE/plugins/com.st.stm32cube.ide.mcu.externaltools.gnu-tools-for-stm32.13.3.rel1.win32_1.0.0.202411081344/tools/bin/../lib/gcc/arm-none-eabi/13.3.1/../../../../arm-none-eabi/lib/thumb/v7e-m+fp/hard\libc_nano.a(libc_a-init.o)
                0x0800d630                __libc_init_array
 .text.sin      0x0800d678       0xa8 D:/ST/STM32CubeIDE_1.18.1/STM32CubeIDE/plugins/com.st.stm32cube.ide.mcu.externaltools.gnu-tools-for-stm32.13.3.rel1.win32_1.0.0.202411081344/tools/bin/../lib/gcc/arm-none-eabi/13.3.1/../../../../arm-none-eabi/lib/thumb/v7e-m+fp/hard\libm.a(libm_a-s_sin.o)
                0x0800d678                sin
 .text.__kernel_cos
                0x0800d720      0x18c D:/ST/STM32CubeIDE_1.18.1/STM32CubeIDE/plugins/com.st.stm32cube.ide.mcu.externaltools.gnu-tools-for-stm32.13.3.rel1.win32_1.0.0.202411081344/tools/bin/../lib/gcc/arm-none-eabi/13.3.1/../../../../arm-none-eabi/lib/thumb/v7e-m+fp/hard\libm.a(libm_a-k_cos.o)
                0x0800d720                __kernel_cos
 *fill*         0x0800d8ac        0x4 
 .text.__kernel_sin
                0x0800d8b0      0x174 D:/ST/STM32CubeIDE_1.18.1/STM32CubeIDE/plugins/com.st.stm32cube.ide.mcu.externaltools.gnu-tools-for-stm32.13.3.rel1.win32_1.0.0.202411081344/tools/bin/../lib/gcc/arm-none-eabi/13.3.1/../../../../arm-none-eabi/lib/thumb/v7e-m+fp/hard\libm.a(libm_a-k_sin.o)
                0x0800d8b0                __kernel_sin
 *fill*         0x0800da24        0x4 
 .text.__ieee754_rem_pio2
                0x0800da28      0x3f8 D:/ST/STM32CubeIDE_1.18.1/STM32CubeIDE/plugins/com.st.stm32cube.ide.mcu.externaltools.gnu-tools-for-stm32.13.3.rel1.win32_1.0.0.202411081344/tools/bin/../lib/gcc/arm-none-eabi/13.3.1/../../../../arm-none-eabi/lib/thumb/v7e-m+fp/hard\libm.a(libm_a-e_rem_pio2.o)
                0x0800da28                __ieee754_rem_pio2
 .text.fabs     0x0800de20       0x10 D:/ST/STM32CubeIDE_1.18.1/STM32CubeIDE/plugins/com.st.stm32cube.ide.mcu.externaltools.gnu-tools-for-stm32.13.3.rel1.win32_1.0.0.202411081344/tools/bin/../lib/gcc/arm-none-eabi/13.3.1/../../../../arm-none-eabi/lib/thumb/v7e-m+fp/hard\libm.a(libm_a-s_fabs.o)
                0x0800de20                fabs
 .text.__kernel_rem_pio2
                0x0800de30      0x6a0 D:/ST/STM32CubeIDE_1.18.1/STM32CubeIDE/plugins/com.st.stm32cube.ide.mcu.externaltools.gnu-tools-for-stm32.13.3.rel1.win32_1.0.0.202411081344/tools/bin/../lib/gcc/arm-none-eabi/13.3.1/../../../../arm-none-eabi/lib/thumb/v7e-m+fp/hard\libm.a(libm_a-k_rem_pio2.o)
                0x0800de30                __kernel_rem_pio2
 .text.scalbn   0x0800e4d0       0xf4 D:/ST/STM32CubeIDE_1.18.1/STM32CubeIDE/plugins/com.st.stm32cube.ide.mcu.externaltools.gnu-tools-for-stm32.13.3.rel1.win32_1.0.0.202411081344/tools/bin/../lib/gcc/arm-none-eabi/13.3.1/../../../../arm-none-eabi/lib/thumb/v7e-m+fp/hard\libm.a(libm_a-s_scalbn.o)
                0x0800e4d0                scalbn
 *fill*         0x0800e5c4        0x4 
 .text.floor    0x0800e5c8       0xf8 D:/ST/STM32CubeIDE_1.18.1/STM32CubeIDE/plugins/com.st.stm32cube.ide.mcu.externaltools.gnu-tools-for-stm32.13.3.rel1.win32_1.0.0.202411081344/tools/bin/../lib/gcc/arm-none-eabi/13.3.1/../../../../arm-none-eabi/lib/thumb/v7e-m+fp/hard\libm.a(libm_a-s_floor.o)
                0x0800e5c8                floor
 *(.glue_7)
 .glue_7        0x0800e6c0        0x0 linker stubs
 *(.glue_7t)
 .glue_7t       0x0800e6c0        0x0 linker stubs
 *(.eh_frame)
 .eh_frame      0x0800e6c0        0x0 D:/ST/STM32CubeIDE_1.18.1/STM32CubeIDE/plugins/com.st.stm32cube.ide.mcu.externaltools.gnu-tools-for-stm32.13.3.rel1.win32_1.0.0.202411081344/tools/bin/../lib/gcc/arm-none-eabi/13.3.1/thumb/v7e-m+fp/hard/crtbegin.o
 *(.init)
 .init          0x0800e6c0        0x4 D:/ST/STM32CubeIDE_1.18.1/STM32CubeIDE/plugins/com.st.stm32cube.ide.mcu.externaltools.gnu-tools-for-stm32.13.3.rel1.win32_1.0.0.202411081344/tools/bin/../lib/gcc/arm-none-eabi/13.3.1/thumb/v7e-m+fp/hard/crti.o
                0x0800e6c0                _init
 .init          0x0800e6c4        0x8 D:/ST/STM32CubeIDE_1.18.1/STM32CubeIDE/plugins/com.st.stm32cube.ide.mcu.externaltools.gnu-tools-for-stm32.13.3.rel1.win32_1.0.0.202411081344/tools/bin/../lib/gcc/arm-none-eabi/13.3.1/thumb/v7e-m+fp/hard/crtn.o
 *(.fini)
 .fini          0x0800e6cc        0x4 D:/ST/STM32CubeIDE_1.18.1/STM32CubeIDE/plugins/com.st.stm32cube.ide.mcu.externaltools.gnu-tools-for-stm32.13.3.rel1.win32_1.0.0.202411081344/tools/bin/../lib/gcc/arm-none-eabi/13.3.1/thumb/v7e-m+fp/hard/crti.o
                0x0800e6cc                _fini
 .fini          0x0800e6d0        0x8 D:/ST/STM32CubeIDE_1.18.1/STM32CubeIDE/plugins/com.st.stm32cube.ide.mcu.externaltools.gnu-tools-for-stm32.13.3.rel1.win32_1.0.0.202411081344/tools/bin/../lib/gcc/arm-none-eabi/13.3.1/thumb/v7e-m+fp/hard/crtn.o
                0x0800e6d8                        . = ALIGN (0x4)
                0x0800e6d8                        _etext = .

.vfp11_veneer   0x0800e6d8        0x0
 .vfp11_veneer  0x0800e6d8        0x0 linker stubs

.v4_bx          0x0800e6d8        0x0
 .v4_bx         0x0800e6d8        0x0 linker stubs

.iplt           0x0800e6d8        0x0
 .iplt          0x0800e6d8        0x0 D:/ST/STM32CubeIDE_1.18.1/STM32CubeIDE/plugins/com.st.stm32cube.ide.mcu.externaltools.gnu-tools-for-stm32.13.3.rel1.win32_1.0.0.202411081344/tools/bin/../lib/gcc/arm-none-eabi/13.3.1/thumb/v7e-m+fp/hard/crtbegin.o

.rodata         0x0800e6d8      0x220
                0x0800e6d8                        . = ALIGN (0x4)
 *(.rodata)
 .rodata        0x0800e6d8        0x8 ./Core/Src/main.o
 *(.rodata*)
 .rodata.AHBPrescTable
                0x0800e6e0       0x10 ./Core/Src/system_stm32g4xx.o
                0x0800e6e0                AHBPrescTable
 .rodata.APBPrescTable
                0x0800e6f0        0x8 ./Core/Src/system_stm32g4xx.o
                0x0800e6f0                APBPrescTable
 .rodata.UARTPrescTable
                0x0800e6f8       0x18 ./Drivers/STM32G4xx_HAL_Driver/Src/stm32g4xx_hal_uart.o
                0x0800e6f8                UARTPrescTable
 .rodata.numerator.1
                0x0800e710        0x8 ./Drivers/STM32G4xx_HAL_Driver/Src/stm32g4xx_hal_uart_ex.o
 .rodata.denominator.0
                0x0800e718        0x8 ./Drivers/STM32G4xx_HAL_Driver/Src/stm32g4xx_hal_uart_ex.o
 .rodata.npio2_hw
                0x0800e720       0x80 D:/ST/STM32CubeIDE_1.18.1/STM32CubeIDE/plugins/com.st.stm32cube.ide.mcu.externaltools.gnu-tools-for-stm32.13.3.rel1.win32_1.0.0.202411081344/tools/bin/../lib/gcc/arm-none-eabi/13.3.1/../../../../arm-none-eabi/lib/thumb/v7e-m+fp/hard\libm.a(libm_a-e_rem_pio2.o)
 .rodata.two_over_pi
                0x0800e7a0      0x108 D:/ST/STM32CubeIDE_1.18.1/STM32CubeIDE/plugins/com.st.stm32cube.ide.mcu.externaltools.gnu-tools-for-stm32.13.3.rel1.win32_1.0.0.202411081344/tools/bin/../lib/gcc/arm-none-eabi/13.3.1/../../../../arm-none-eabi/lib/thumb/v7e-m+fp/hard\libm.a(libm_a-e_rem_pio2.o)
 .rodata.PIo2   0x0800e8a8       0x40 D:/ST/STM32CubeIDE_1.18.1/STM32CubeIDE/plugins/com.st.stm32cube.ide.mcu.externaltools.gnu-tools-for-stm32.13.3.rel1.win32_1.0.0.202411081344/tools/bin/../lib/gcc/arm-none-eabi/13.3.1/../../../../arm-none-eabi/lib/thumb/v7e-m+fp/hard\libm.a(libm_a-k_rem_pio2.o)
 .rodata.init_jk
                0x0800e8e8       0x10 D:/ST/STM32CubeIDE_1.18.1/STM32CubeIDE/plugins/com.st.stm32cube.ide.mcu.externaltools.gnu-tools-for-stm32.13.3.rel1.win32_1.0.0.202411081344/tools/bin/../lib/gcc/arm-none-eabi/13.3.1/../../../../arm-none-eabi/lib/thumb/v7e-m+fp/hard\libm.a(libm_a-k_rem_pio2.o)
                0x0800e8f8                        . = ALIGN (0x4)

.ARM.extab      0x0800e8f8        0x0
                0x0800e8f8                        . = ALIGN (0x4)
 *(.ARM.extab* .gnu.linkonce.armextab.*)
                0x0800e8f8                        . = ALIGN (0x4)

.ARM            0x0800e8f8        0x8
                0x0800e8f8                        . = ALIGN (0x4)
                0x0800e8f8                        __exidx_start = .
 *(.ARM.exidx*)
 .ARM.exidx     0x0800e8f8        0x8 D:/ST/STM32CubeIDE_1.18.1/STM32CubeIDE/plugins/com.st.stm32cube.ide.mcu.externaltools.gnu-tools-for-stm32.13.3.rel1.win32_1.0.0.202411081344/tools/bin/../lib/gcc/arm-none-eabi/13.3.1/../../../../arm-none-eabi/lib/thumb/v7e-m+fp/hard\libc_nano.a(libc_a-strlen.o)
 .ARM.exidx     0x0800e900        0x0 D:/ST/STM32CubeIDE_1.18.1/STM32CubeIDE/plugins/com.st.stm32cube.ide.mcu.externaltools.gnu-tools-for-stm32.13.3.rel1.win32_1.0.0.202411081344/tools/bin/../lib/gcc/arm-none-eabi/13.3.1/thumb/v7e-m+fp/hard\libgcc.a(_udivmoddi4.o)
                                  0x8 (size before relaxing)
                0x0800e900                        __exidx_end = .
                0x0800e900                        . = ALIGN (0x4)

.preinit_array  0x0800e900        0x0
                0x0800e900                        . = ALIGN (0x4)
                0x0800e900                        PROVIDE (__preinit_array_start = .)
 *(.preinit_array*)
                0x0800e900                        PROVIDE (__preinit_array_end = .)
                0x0800e900                        . = ALIGN (0x4)

.init_array     0x0800e900        0x4
                0x0800e900                        . = ALIGN (0x4)
                0x0800e900                        PROVIDE (__init_array_start = .)
 *(SORT_BY_NAME(.init_array.*))
 *(.init_array*)
 .init_array    0x0800e900        0x4 D:/ST/STM32CubeIDE_1.18.1/STM32CubeIDE/plugins/com.st.stm32cube.ide.mcu.externaltools.gnu-tools-for-stm32.13.3.rel1.win32_1.0.0.202411081344/tools/bin/../lib/gcc/arm-none-eabi/13.3.1/thumb/v7e-m+fp/hard/crtbegin.o
                0x0800e904                        PROVIDE (__init_array_end = .)
                0x0800e904                        . = ALIGN (0x4)

.fini_array     0x0800e904        0x4
                0x0800e904                        . = ALIGN (0x4)
                [!provide]                        PROVIDE (__fini_array_start = .)
 *(SORT_BY_NAME(.fini_array.*))
 *(.fini_array*)
 .fini_array    0x0800e904        0x4 D:/ST/STM32CubeIDE_1.18.1/STM32CubeIDE/plugins/com.st.stm32cube.ide.mcu.externaltools.gnu-tools-for-stm32.13.3.rel1.win32_1.0.0.202411081344/tools/bin/../lib/gcc/arm-none-eabi/13.3.1/thumb/v7e-m+fp/hard/crtbegin.o
                [!provide]                        PROVIDE (__fini_array_end = .)
                0x0800e908                        . = ALIGN (0x4)
                0x0800e908                        _sidata = LOADADDR (.data)

.rel.dyn        0x0800e908        0x0
 .rel.iplt      0x0800e908        0x0 D:/ST/STM32CubeIDE_1.18.1/STM32CubeIDE/plugins/com.st.stm32cube.ide.mcu.externaltools.gnu-tools-for-stm32.13.3.rel1.win32_1.0.0.202411081344/tools/bin/../lib/gcc/arm-none-eabi/13.3.1/thumb/v7e-m+fp/hard/crtbegin.o

.data           0x20000000        0xc load address 0x0800e908
                0x20000000                        . = ALIGN (0x4)
                0x20000000                        _sdata = .
 *(.data)
 *(.data*)
 .data.SystemCoreClock
                0x20000000        0x4 ./Core/Src/system_stm32g4xx.o
                0x20000000                SystemCoreClock
 .data.uwTickPrio
                0x20000004        0x4 ./Drivers/STM32G4xx_HAL_Driver/Src/stm32g4xx_hal.o
                0x20000004                uwTickPrio
 .data.uwTickFreq
                0x20000008        0x4 ./Drivers/STM32G4xx_HAL_Driver/Src/stm32g4xx_hal.o
                0x20000008                uwTickFreq
 *(.RamFunc)
 *(.RamFunc*)
                0x2000000c                        . = ALIGN (0x4)
                0x2000000c                        _edata = .

.igot.plt       0x2000000c        0x0 load address 0x0800e914
 .igot.plt      0x2000000c        0x0 D:/ST/STM32CubeIDE_1.18.1/STM32CubeIDE/plugins/com.st.stm32cube.ide.mcu.externaltools.gnu-tools-for-stm32.13.3.rel1.win32_1.0.0.202411081344/tools/bin/../lib/gcc/arm-none-eabi/13.3.1/thumb/v7e-m+fp/hard/crtbegin.o
                0x2000000c                        . = ALIGN (0x4)

.bss            0x2000000c      0x83c load address 0x0800e914
                0x2000000c                        _sbss = .
                0x2000000c                        __bss_start__ = _sbss
 *(.bss)
 .bss           0x2000000c       0x1c D:/ST/STM32CubeIDE_1.18.1/STM32CubeIDE/plugins/com.st.stm32cube.ide.mcu.externaltools.gnu-tools-for-stm32.13.3.rel1.win32_1.0.0.202411081344/tools/bin/../lib/gcc/arm-none-eabi/13.3.1/thumb/v7e-m+fp/hard/crtbegin.o
 *(.bss*)
 .bss.hadc1     0x20000028       0x6c ./Core/Src/main.o
                0x20000028                hadc1
 .bss.hcomp2    0x20000094       0x24 ./Core/Src/main.o
                0x20000094                hcomp2
 .bss.hcomp3    0x200000b8       0x24 ./Core/Src/main.o
                0x200000b8                hcomp3
 .bss.hcomp4    0x200000dc       0x24 ./Core/Src/main.o
                0x200000dc                hcomp4
 .bss.hcomp6    0x20000100       0x24 ./Core/Src/main.o
                0x20000100                hcomp6
 .bss.hdac1     0x20000124       0x14 ./Core/Src/main.o
                0x20000124                hdac1
 .bss.hdac2     0x20000138       0x14 ./Core/Src/main.o
                0x20000138                hdac2
 .bss.hdac3     0x2000014c       0x14 ./Core/Src/main.o
                0x2000014c                hdac3
 .bss.hdma_dac1_ch2
                0x20000160       0x60 ./Core/Src/main.o
                0x20000160                hdma_dac1_ch2
 .bss.hdma_dac1_ch1
                0x200001c0       0x60 ./Core/Src/main.o
                0x200001c0                hdma_dac1_ch1
 .bss.hhrtim1   0x20000220       0xfc ./Core/Src/main.o
                0x20000220                hhrtim1
 .bss.htim1     0x2000031c       0x4c ./Core/Src/main.o
                0x2000031c                htim1
 .bss.htim6     0x20000368       0x4c ./Core/Src/main.o
                0x20000368                htim6
 .bss.hdma_tim6_up
                0x200003b4       0x60 ./Core/Src/main.o
                0x200003b4                hdma_tim6_up
 .bss.huart3    0x20000414       0x94 ./Core/Src/main.o
                0x20000414                huart3
 .bss.hdma_usart3_rx
                0x200004a8       0x60 ./Core/Src/main.o
                0x200004a8                hdma_usart3_rx
 .bss.hdma_usart3_tx
                0x20000508       0x60 ./Core/Src/main.o
                0x20000508                hdma_usart3_tx
 .bss.hpcd_USB_FS
                0x20000568      0x2dc ./Core/Src/main.o
                0x20000568                hpcd_USB_FS
 .bss.uwTick    0x20000844        0x4 ./Drivers/STM32G4xx_HAL_Driver/Src/stm32g4xx_hal.o
                0x20000844                uwTick
 *(COMMON)
                0x20000848                        . = ALIGN (0x4)
                0x20000848                        _ebss = .
                0x20000848                        __bss_end__ = _ebss

._user_heap_stack
                0x20000848      0x600 load address 0x0800e914
                0x20000848                        . = ALIGN (0x8)
                [!provide]                        PROVIDE (end = .)
                0x20000848                        PROVIDE (_end = .)
                0x20000a48                        . = (. + _Min_Heap_Size)
 *fill*         0x20000848      0x200 
                0x20000e48                        . = (. + _Min_Stack_Size)
 *fill*         0x20000a48      0x400 
                0x20000e48                        . = ALIGN (0x8)

/DISCARD/
 libc.a(*)
 libm.a(*)
 libgcc.a(*)

.ARM.attributes
                0x00000000       0x30
 *(.ARM.attributes)
 .ARM.attributes
                0x00000000       0x22 D:/ST/STM32CubeIDE_1.18.1/STM32CubeIDE/plugins/com.st.stm32cube.ide.mcu.externaltools.gnu-tools-for-stm32.13.3.rel1.win32_1.0.0.202411081344/tools/bin/../lib/gcc/arm-none-eabi/13.3.1/thumb/v7e-m+fp/hard/crti.o
 .ARM.attributes
                0x00000022       0x34 D:/ST/STM32CubeIDE_1.18.1/STM32CubeIDE/plugins/com.st.stm32cube.ide.mcu.externaltools.gnu-tools-for-stm32.13.3.rel1.win32_1.0.0.202411081344/tools/bin/../lib/gcc/arm-none-eabi/13.3.1/thumb/v7e-m+fp/hard/crtbegin.o
 .ARM.attributes
                0x00000056       0x34 ./Core/Src/main.o
 .ARM.attributes
                0x0000008a       0x34 ./Core/Src/stm32g4xx_hal_msp.o
 .ARM.attributes
                0x000000be       0x34 ./Core/Src/stm32g4xx_it.o
 .ARM.attributes
                0x000000f2       0x34 ./Core/Src/system_stm32g4xx.o
 .ARM.attributes
                0x00000126       0x21 ./Core/Startup/startup_stm32g474retx.o
 .ARM.attributes
                0x00000147       0x34 ./Drivers/STM32G4xx_HAL_Driver/Src/stm32g4xx_hal.o
 .ARM.attributes
                0x0000017b       0x34 ./Drivers/STM32G4xx_HAL_Driver/Src/stm32g4xx_hal_adc.o
 .ARM.attributes
                0x000001af       0x34 ./Drivers/STM32G4xx_HAL_Driver/Src/stm32g4xx_hal_adc_ex.o
 .ARM.attributes
                0x000001e3       0x34 ./Drivers/STM32G4xx_HAL_Driver/Src/stm32g4xx_hal_comp.o
 .ARM.attributes
                0x00000217       0x34 ./Drivers/STM32G4xx_HAL_Driver/Src/stm32g4xx_hal_cortex.o
 .ARM.attributes
                0x0000024b       0x34 ./Drivers/STM32G4xx_HAL_Driver/Src/stm32g4xx_hal_dac.o
 .ARM.attributes
                0x0000027f       0x34 ./Drivers/STM32G4xx_HAL_Driver/Src/stm32g4xx_hal_dac_ex.o
 .ARM.attributes
                0x000002b3       0x34 ./Drivers/STM32G4xx_HAL_Driver/Src/stm32g4xx_hal_dma.o
 .ARM.attributes
                0x000002e7       0x34 ./Drivers/STM32G4xx_HAL_Driver/Src/stm32g4xx_hal_gpio.o
 .ARM.attributes
                0x0000031b       0x34 ./Drivers/STM32G4xx_HAL_Driver/Src/stm32g4xx_hal_hrtim.o
 .ARM.attributes
                0x0000034f       0x34 ./Drivers/STM32G4xx_HAL_Driver/Src/stm32g4xx_hal_pcd.o
 .ARM.attributes
                0x00000383       0x34 ./Drivers/STM32G4xx_HAL_Driver/Src/stm32g4xx_hal_pcd_ex.o
 .ARM.attributes
                0x000003b7       0x34 ./Drivers/STM32G4xx_HAL_Driver/Src/stm32g4xx_hal_pwr_ex.o
 .ARM.attributes
                0x000003eb       0x34 ./Drivers/STM32G4xx_HAL_Driver/Src/stm32g4xx_hal_rcc.o
 .ARM.attributes
                0x0000041f       0x34 ./Drivers/STM32G4xx_HAL_Driver/Src/stm32g4xx_hal_rcc_ex.o
 .ARM.attributes
                0x00000453       0x34 ./Drivers/STM32G4xx_HAL_Driver/Src/stm32g4xx_hal_tim.o
 .ARM.attributes
                0x00000487       0x34 ./Drivers/STM32G4xx_HAL_Driver/Src/stm32g4xx_hal_tim_ex.o
 .ARM.attributes
                0x000004bb       0x34 ./Drivers/STM32G4xx_HAL_Driver/Src/stm32g4xx_hal_uart.o
 .ARM.attributes
                0x000004ef       0x34 ./Drivers/STM32G4xx_HAL_Driver/Src/stm32g4xx_hal_uart_ex.o
 .ARM.attributes
                0x00000523       0x34 ./Drivers/STM32G4xx_HAL_Driver/Src/stm32g4xx_ll_gpio.o
 .ARM.attributes
                0x00000557       0x34 ./Drivers/STM32G4xx_HAL_Driver/Src/stm32g4xx_ll_usb.o
 .ARM.attributes
                0x0000058b       0x34 D:/ST/STM32CubeIDE_1.18.1/STM32CubeIDE/plugins/com.st.stm32cube.ide.mcu.externaltools.gnu-tools-for-stm32.13.3.rel1.win32_1.0.0.202411081344/tools/bin/../lib/gcc/arm-none-eabi/13.3.1/../../../../arm-none-eabi/lib/thumb/v7e-m+fp/hard\libc_nano.a(libc_a-memset.o)
 .ARM.attributes
                0x000005bf       0x34 D:/ST/STM32CubeIDE_1.18.1/STM32CubeIDE/plugins/com.st.stm32cube.ide.mcu.externaltools.gnu-tools-for-stm32.13.3.rel1.win32_1.0.0.202411081344/tools/bin/../lib/gcc/arm-none-eabi/13.3.1/../../../../arm-none-eabi/lib/thumb/v7e-m+fp/hard\libc_nano.a(libc_a-init.o)
 .ARM.attributes
                0x000005f3       0x17 D:/ST/STM32CubeIDE_1.18.1/STM32CubeIDE/plugins/com.st.stm32cube.ide.mcu.externaltools.gnu-tools-for-stm32.13.3.rel1.win32_1.0.0.202411081344/tools/bin/../lib/gcc/arm-none-eabi/13.3.1/../../../../arm-none-eabi/lib/thumb/v7e-m+fp/hard\libc_nano.a(libc_a-strlen.o)
 .ARM.attributes
                0x0000060a       0x34 D:/ST/STM32CubeIDE_1.18.1/STM32CubeIDE/plugins/com.st.stm32cube.ide.mcu.externaltools.gnu-tools-for-stm32.13.3.rel1.win32_1.0.0.202411081344/tools/bin/../lib/gcc/arm-none-eabi/13.3.1/../../../../arm-none-eabi/lib/thumb/v7e-m+fp/hard\libm.a(libm_a-s_sin.o)
 .ARM.attributes
                0x0000063e       0x34 D:/ST/STM32CubeIDE_1.18.1/STM32CubeIDE/plugins/com.st.stm32cube.ide.mcu.externaltools.gnu-tools-for-stm32.13.3.rel1.win32_1.0.0.202411081344/tools/bin/../lib/gcc/arm-none-eabi/13.3.1/../../../../arm-none-eabi/lib/thumb/v7e-m+fp/hard\libm.a(libm_a-k_cos.o)
 .ARM.attributes
                0x00000672       0x34 D:/ST/STM32CubeIDE_1.18.1/STM32CubeIDE/plugins/com.st.stm32cube.ide.mcu.externaltools.gnu-tools-for-stm32.13.3.rel1.win32_1.0.0.202411081344/tools/bin/../lib/gcc/arm-none-eabi/13.3.1/../../../../arm-none-eabi/lib/thumb/v7e-m+fp/hard\libm.a(libm_a-k_sin.o)
 .ARM.attributes
                0x000006a6       0x34 D:/ST/STM32CubeIDE_1.18.1/STM32CubeIDE/plugins/com.st.stm32cube.ide.mcu.externaltools.gnu-tools-for-stm32.13.3.rel1.win32_1.0.0.202411081344/tools/bin/../lib/gcc/arm-none-eabi/13.3.1/../../../../arm-none-eabi/lib/thumb/v7e-m+fp/hard\libm.a(libm_a-e_rem_pio2.o)
 .ARM.attributes
                0x000006da       0x34 D:/ST/STM32CubeIDE_1.18.1/STM32CubeIDE/plugins/com.st.stm32cube.ide.mcu.externaltools.gnu-tools-for-stm32.13.3.rel1.win32_1.0.0.202411081344/tools/bin/../lib/gcc/arm-none-eabi/13.3.1/../../../../arm-none-eabi/lib/thumb/v7e-m+fp/hard\libm.a(libm_a-s_fabs.o)
 .ARM.attributes
                0x0000070e       0x34 D:/ST/STM32CubeIDE_1.18.1/STM32CubeIDE/plugins/com.st.stm32cube.ide.mcu.externaltools.gnu-tools-for-stm32.13.3.rel1.win32_1.0.0.202411081344/tools/bin/../lib/gcc/arm-none-eabi/13.3.1/../../../../arm-none-eabi/lib/thumb/v7e-m+fp/hard\libm.a(libm_a-k_rem_pio2.o)
 .ARM.attributes
                0x00000742       0x34 D:/ST/STM32CubeIDE_1.18.1/STM32CubeIDE/plugins/com.st.stm32cube.ide.mcu.externaltools.gnu-tools-for-stm32.13.3.rel1.win32_1.0.0.202411081344/tools/bin/../lib/gcc/arm-none-eabi/13.3.1/../../../../arm-none-eabi/lib/thumb/v7e-m+fp/hard\libm.a(libm_a-s_scalbn.o)
 .ARM.attributes
                0x00000776       0x34 D:/ST/STM32CubeIDE_1.18.1/STM32CubeIDE/plugins/com.st.stm32cube.ide.mcu.externaltools.gnu-tools-for-stm32.13.3.rel1.win32_1.0.0.202411081344/tools/bin/../lib/gcc/arm-none-eabi/13.3.1/../../../../arm-none-eabi/lib/thumb/v7e-m+fp/hard\libm.a(libm_a-s_floor.o)
 .ARM.attributes
                0x000007aa       0x22 D:/ST/STM32CubeIDE_1.18.1/STM32CubeIDE/plugins/com.st.stm32cube.ide.mcu.externaltools.gnu-tools-for-stm32.13.3.rel1.win32_1.0.0.202411081344/tools/bin/../lib/gcc/arm-none-eabi/13.3.1/thumb/v7e-m+fp/hard\libgcc.a(_arm_addsubdf3.o)
 .ARM.attributes
                0x000007cc       0x22 D:/ST/STM32CubeIDE_1.18.1/STM32CubeIDE/plugins/com.st.stm32cube.ide.mcu.externaltools.gnu-tools-for-stm32.13.3.rel1.win32_1.0.0.202411081344/tools/bin/../lib/gcc/arm-none-eabi/13.3.1/thumb/v7e-m+fp/hard\libgcc.a(_arm_muldivdf3.o)
 .ARM.attributes
                0x000007ee       0x22 D:/ST/STM32CubeIDE_1.18.1/STM32CubeIDE/plugins/com.st.stm32cube.ide.mcu.externaltools.gnu-tools-for-stm32.13.3.rel1.win32_1.0.0.202411081344/tools/bin/../lib/gcc/arm-none-eabi/13.3.1/thumb/v7e-m+fp/hard\libgcc.a(_arm_cmpdf2.o)
 .ARM.attributes
                0x00000810       0x22 D:/ST/STM32CubeIDE_1.18.1/STM32CubeIDE/plugins/com.st.stm32cube.ide.mcu.externaltools.gnu-tools-for-stm32.13.3.rel1.win32_1.0.0.202411081344/tools/bin/../lib/gcc/arm-none-eabi/13.3.1/thumb/v7e-m+fp/hard\libgcc.a(_arm_fixdfsi.o)
 .ARM.attributes
                0x00000832       0x22 D:/ST/STM32CubeIDE_1.18.1/STM32CubeIDE/plugins/com.st.stm32cube.ide.mcu.externaltools.gnu-tools-for-stm32.13.3.rel1.win32_1.0.0.202411081344/tools/bin/../lib/gcc/arm-none-eabi/13.3.1/thumb/v7e-m+fp/hard\libgcc.a(_arm_truncdfsf2.o)
 .ARM.attributes
                0x00000854       0x22 D:/ST/STM32CubeIDE_1.18.1/STM32CubeIDE/plugins/com.st.stm32cube.ide.mcu.externaltools.gnu-tools-for-stm32.13.3.rel1.win32_1.0.0.202411081344/tools/bin/../lib/gcc/arm-none-eabi/13.3.1/thumb/v7e-m+fp/hard\libgcc.a(_aeabi_uldivmod.o)
 .ARM.attributes
                0x00000876       0x34 D:/ST/STM32CubeIDE_1.18.1/STM32CubeIDE/plugins/com.st.stm32cube.ide.mcu.externaltools.gnu-tools-for-stm32.13.3.rel1.win32_1.0.0.202411081344/tools/bin/../lib/gcc/arm-none-eabi/13.3.1/thumb/v7e-m+fp/hard\libgcc.a(_udivmoddi4.o)
 .ARM.attributes
                0x000008aa       0x22 D:/ST/STM32CubeIDE_1.18.1/STM32CubeIDE/plugins/com.st.stm32cube.ide.mcu.externaltools.gnu-tools-for-stm32.13.3.rel1.win32_1.0.0.202411081344/tools/bin/../lib/gcc/arm-none-eabi/13.3.1/thumb/v7e-m+fp/hard\libgcc.a(_dvmd_tls.o)
 .ARM.attributes
                0x000008cc       0x22 D:/ST/STM32CubeIDE_1.18.1/STM32CubeIDE/plugins/com.st.stm32cube.ide.mcu.externaltools.gnu-tools-for-stm32.13.3.rel1.win32_1.0.0.202411081344/tools/bin/../lib/gcc/arm-none-eabi/13.3.1/thumb/v7e-m+fp/hard/crtn.o
OUTPUT(pr2.elf elf32-littlearm)
LOAD linker stubs
LOAD D:/ST/STM32CubeIDE_1.18.1/STM32CubeIDE/plugins/com.st.stm32cube.ide.mcu.externaltools.gnu-tools-for-stm32.13.3.rel1.win32_1.0.0.202411081344/tools/bin/../lib/gcc/arm-none-eabi/13.3.1/../../../../arm-none-eabi/lib/thumb/v7e-m+fp/hard\libc.a
LOAD D:/ST/STM32CubeIDE_1.18.1/STM32CubeIDE/plugins/com.st.stm32cube.ide.mcu.externaltools.gnu-tools-for-stm32.13.3.rel1.win32_1.0.0.202411081344/tools/bin/../lib/gcc/arm-none-eabi/13.3.1/../../../../arm-none-eabi/lib/thumb/v7e-m+fp/hard\libm.a
LOAD D:/ST/STM32CubeIDE_1.18.1/STM32CubeIDE/plugins/com.st.stm32cube.ide.mcu.externaltools.gnu-tools-for-stm32.13.3.rel1.win32_1.0.0.202411081344/tools/bin/../lib/gcc/arm-none-eabi/13.3.1/thumb/v7e-m+fp/hard\libgcc.a

.debug_info     0x00000000    0x2541b
 .debug_info    0x00000000     0x3871 ./Core/Src/main.o
 .debug_info    0x00003871     0x2c95 ./Core/Src/stm32g4xx_hal_msp.o
 .debug_info    0x00006506     0x202e ./Core/Src/stm32g4xx_it.o
 .debug_info    0x00008534      0x58e ./Core/Src/system_stm32g4xx.o
 .debug_info    0x00008ac2       0x30 ./Core/Startup/startup_stm32g474retx.o
 .debug_info    0x00008af2      0xb95 ./Drivers/STM32G4xx_HAL_Driver/Src/stm32g4xx_hal.o
 .debug_info    0x00009687     0x2063 ./Drivers/STM32G4xx_HAL_Driver/Src/stm32g4xx_hal_adc.o
 .debug_info    0x0000b6ea     0x1d80 ./Drivers/STM32G4xx_HAL_Driver/Src/stm32g4xx_hal_adc_ex.o
 .debug_info    0x0000d46a      0x871 ./Drivers/STM32G4xx_HAL_Driver/Src/stm32g4xx_hal_comp.o
 .debug_info    0x0000dcdb      0xdf9 ./Drivers/STM32G4xx_HAL_Driver/Src/stm32g4xx_hal_cortex.o
 .debug_info    0x0000ead4      0xcbc ./Drivers/STM32G4xx_HAL_Driver/Src/stm32g4xx_hal_dac.o
 .debug_info    0x0000f790      0xd74 ./Drivers/STM32G4xx_HAL_Driver/Src/stm32g4xx_hal_dac_ex.o
 .debug_info    0x00010504      0x85f ./Drivers/STM32G4xx_HAL_Driver/Src/stm32g4xx_hal_dma.o
 .debug_info    0x00010d63      0x763 ./Drivers/STM32G4xx_HAL_Driver/Src/stm32g4xx_hal_gpio.o
 .debug_info    0x000114c6     0x3f23 ./Drivers/STM32G4xx_HAL_Driver/Src/stm32g4xx_hal_hrtim.o
 .debug_info    0x000153e9     0x1610 ./Drivers/STM32G4xx_HAL_Driver/Src/stm32g4xx_hal_pcd.o
 .debug_info    0x000169f9      0x80a ./Drivers/STM32G4xx_HAL_Driver/Src/stm32g4xx_hal_pcd_ex.o
 .debug_info    0x00017203      0x93f ./Drivers/STM32G4xx_HAL_Driver/Src/stm32g4xx_hal_pwr_ex.o
 .debug_info    0x00017b42      0xbe0 ./Drivers/STM32G4xx_HAL_Driver/Src/stm32g4xx_hal_rcc.o
 .debug_info    0x00018722      0xc45 ./Drivers/STM32G4xx_HAL_Driver/Src/stm32g4xx_hal_rcc_ex.o
 .debug_info    0x00019367     0x2c52 ./Drivers/STM32G4xx_HAL_Driver/Src/stm32g4xx_hal_tim.o
 .debug_info    0x0001bfb9     0x1d95 ./Drivers/STM32G4xx_HAL_Driver/Src/stm32g4xx_hal_tim_ex.o
 .debug_info    0x0001dd4e     0x481e ./Drivers/STM32G4xx_HAL_Driver/Src/stm32g4xx_hal_uart.o
 .debug_info    0x0002256c      0xfdd ./Drivers/STM32G4xx_HAL_Driver/Src/stm32g4xx_hal_uart_ex.o
 .debug_info    0x00023549      0x95b ./Drivers/STM32G4xx_HAL_Driver/Src/stm32g4xx_ll_gpio.o
 .debug_info    0x00023ea4     0x1577 ./Drivers/STM32G4xx_HAL_Driver/Src/stm32g4xx_ll_usb.o

.debug_abbrev   0x00000000     0x3dca
 .debug_abbrev  0x00000000      0x36c ./Core/Src/main.o
 .debug_abbrev  0x0000036c      0x2c8 ./Core/Src/stm32g4xx_hal_msp.o
 .debug_abbrev  0x00000634      0x22b ./Core/Src/stm32g4xx_it.o
 .debug_abbrev  0x0000085f      0x11a ./Core/Src/system_stm32g4xx.o
 .debug_abbrev  0x00000979       0x24 ./Core/Startup/startup_stm32g474retx.o
 .debug_abbrev  0x0000099d      0x271 ./Drivers/STM32G4xx_HAL_Driver/Src/stm32g4xx_hal.o
 .debug_abbrev  0x00000c0e      0x2d3 ./Drivers/STM32G4xx_HAL_Driver/Src/stm32g4xx_hal_adc.o
 .debug_abbrev  0x00000ee1      0x2ee ./Drivers/STM32G4xx_HAL_Driver/Src/stm32g4xx_hal_adc_ex.o