../Core/Src/stm32g4xx_hal_msp.c:67:6:HAL_MspInit	16	static
../Core/Src/stm32g4xx_hal_msp.c:94:6:HAL_ADC_MspInit	136	static
../Core/Src/stm32g4xx_hal_msp.c:151:6:HAL_ADC_MspDeInit	16	static
../Core/Src/stm32g4xx_hal_msp.c:186:6:HAL_COMP_MspInit	56	static
../Core/Src/stm32g4xx_hal_msp.c:274:6:HAL_COMP_MspDeInit	16	static
../Core/Src/stm32g4xx_hal_msp.c:345:6:HAL_DAC_MspInit	32	static
../Core/Src/stm32g4xx_hal_msp.c:389:6:HAL_DAC_MspDeInit	16	static
../Core/Src/stm32g4xx_hal_msp.c:433:6:HAL_HRTIM_MspInit	24	static
../Core/Src/stm32g4xx_hal_msp.c:455:6:HAL_HRTIM_MspPostInit	48	static
../Core/Src/stm32g4xx_hal_msp.c:515:6:HAL_HRTIM_MspDeInit	16	static
../Core/Src/stm32g4xx_hal_msp.c:541:6:HAL_TIM_PWM_MspInit	24	static
../Core/Src/stm32g4xx_hal_msp.c:558:6:HAL_TIM_MspPostInit	40	static
../Core/Src/stm32g4xx_hal_msp.c:590:6:HAL_TIM_PWM_MspDeInit	16	static
../Core/Src/stm32g4xx_hal_msp.c:612:6:HAL_UART_MspInit	128	static
../Core/Src/stm32g4xx_hal_msp.c:663:6:HAL_UART_MspDeInit	16	static
../Core/Src/stm32g4xx_hal_msp.c:694:6:HAL_PCD_MspInit	104	static
../Core/Src/stm32g4xx_hal_msp.c:731:6:HAL_PCD_MspDeInit	16	static
